<!doctype html public "-//w3c//dtd html 4.0 transitional//en">
<html><head>
<title>Static Call Graph - [CANopen_Festival_Demo\CANopen_Festival_Demo.axf]</title></head>
<body><HR>
<H1>Static Call Graph for image CANopen_Festival_Demo\CANopen_Festival_Demo.axf</H1><HR>
<BR><P>#&#060CALLGRAPH&#062# ARM Linker, 5060960: Last Updated: Sat Jul 01 20:40:53 2023
<BR><P>
<H3>Maximum Stack Usage =        320 bytes + Unknown(Cycles, Untraceable Function Pointers)</H3><H3>
Call chain for Maximum Stack Depth:</H3>
Task_CanRev &rArr; canDispatch &rArr; proceedNMTstateChange &rArr; setState &rArr; switchCommunicationState &rArr; PDOInit &rArr; _sendPDOevent &rArr; sendOnePDOevent &rArr; buildPDO &rArr; _getODentry
<P>
<H3>
Mutually Recursive functions
</H3> <LI><a href="#[2b]">ADC1_2_IRQHandler</a>&nbsp;&nbsp;&nbsp;&rArr;&nbsp;&nbsp;&nbsp;<a href="#[2b]">ADC1_2_IRQHandler</a><BR>
 <LI><a href="#[13]">BusFault_Handler</a>&nbsp;&nbsp;&nbsp;&rArr;&nbsp;&nbsp;&nbsp;<a href="#[13]">BusFault_Handler</a><BR>
 <LI><a href="#[11]">HardFault_Handler</a>&nbsp;&nbsp;&nbsp;&rArr;&nbsp;&nbsp;&nbsp;<a href="#[11]">HardFault_Handler</a><BR>
 <LI><a href="#[12]">MemManage_Handler</a>&nbsp;&nbsp;&nbsp;&rArr;&nbsp;&nbsp;&nbsp;<a href="#[12]">MemManage_Handler</a><BR>
 <LI><a href="#[10]">NMI_Handler</a>&nbsp;&nbsp;&nbsp;&rArr;&nbsp;&nbsp;&nbsp;<a href="#[10]">NMI_Handler</a><BR>
 <LI><a href="#[14]">UsageFault_Handler</a>&nbsp;&nbsp;&nbsp;&rArr;&nbsp;&nbsp;&nbsp;<a href="#[14]">UsageFault_Handler</a><BR>
</UL>
<P>
<H3>
Function Pointers
</H3><UL>
 <LI><a href="#[2b]">ADC1_2_IRQHandler</a> from startup_stm32f103xb.o(.text) referenced from startup_stm32f103xb.o(RESET)
 <LI><a href="#[13]">BusFault_Handler</a> from stm32f1xx_it.o(i.BusFault_Handler) referenced from startup_stm32f103xb.o(RESET)
 <LI><a href="#[2e]">CAN1_RX1_IRQHandler</a> from startup_stm32f103xb.o(.text) referenced from startup_stm32f103xb.o(RESET)
 <LI><a href="#[2f]">CAN1_SCE_IRQHandler</a> from startup_stm32f103xb.o(.text) referenced from startup_stm32f103xb.o(RESET)
 <LI><a href="#[50]">ConsumerHeartbeatAlarm</a> from lifegrd.o(i.ConsumerHeartbeatAlarm) referenced from lifegrd.o(i.heartbeatInit)
 <LI><a href="#[50]">ConsumerHeartbeatAlarm</a> from lifegrd.o(i.ConsumerHeartbeatAlarm) referenced from lifegrd.o(i.proceedNODE_GUARD)
 <LI><a href="#[24]">DMA1_Channel1_IRQHandler</a> from startup_stm32f103xb.o(.text) referenced from startup_stm32f103xb.o(RESET)
 <LI><a href="#[25]">DMA1_Channel2_IRQHandler</a> from startup_stm32f103xb.o(.text) referenced from startup_stm32f103xb.o(RESET)
 <LI><a href="#[26]">DMA1_Channel3_IRQHandler</a> from startup_stm32f103xb.o(.text) referenced from startup_stm32f103xb.o(RESET)
 <LI><a href="#[27]">DMA1_Channel4_IRQHandler</a> from startup_stm32f103xb.o(.text) referenced from startup_stm32f103xb.o(RESET)
 <LI><a href="#[28]">DMA1_Channel5_IRQHandler</a> from startup_stm32f103xb.o(.text) referenced from startup_stm32f103xb.o(RESET)
 <LI><a href="#[29]">DMA1_Channel6_IRQHandler</a> from startup_stm32f103xb.o(.text) referenced from startup_stm32f103xb.o(RESET)
 <LI><a href="#[2a]">DMA1_Channel7_IRQHandler</a> from startup_stm32f103xb.o(.text) referenced from startup_stm32f103xb.o(RESET)
 <LI><a href="#[16]">DebugMon_Handler</a> from stm32f1xx_it.o(i.DebugMon_Handler) referenced from startup_stm32f103xb.o(RESET)
 <LI><a href="#[1f]">EXTI0_IRQHandler</a> from startup_stm32f103xb.o(.text) referenced from startup_stm32f103xb.o(RESET)
 <LI><a href="#[41]">EXTI15_10_IRQHandler</a> from startup_stm32f103xb.o(.text) referenced from startup_stm32f103xb.o(RESET)
 <LI><a href="#[20]">EXTI1_IRQHandler</a> from startup_stm32f103xb.o(.text) referenced from startup_stm32f103xb.o(RESET)
 <LI><a href="#[21]">EXTI2_IRQHandler</a> from startup_stm32f103xb.o(.text) referenced from startup_stm32f103xb.o(RESET)
 <LI><a href="#[22]">EXTI3_IRQHandler</a> from startup_stm32f103xb.o(.text) referenced from startup_stm32f103xb.o(RESET)
 <LI><a href="#[23]">EXTI4_IRQHandler</a> from startup_stm32f103xb.o(.text) referenced from startup_stm32f103xb.o(RESET)
 <LI><a href="#[30]">EXTI9_5_IRQHandler</a> from startup_stm32f103xb.o(.text) referenced from startup_stm32f103xb.o(RESET)
 <LI><a href="#[1d]">FLASH_IRQHandler</a> from startup_stm32f103xb.o(.text) referenced from startup_stm32f103xb.o(RESET)
 <LI><a href="#[53]">GuardTimeAlarm</a> from lifegrd.o(i.GuardTimeAlarm) referenced from lifegrd.o(i.nodeguardInit)
 <LI><a href="#[11]">HardFault_Handler</a> from stm32f1xx_it.o(i.HardFault_Handler) referenced from startup_stm32f103xb.o(RESET)
 <LI><a href="#[39]">I2C1_ER_IRQHandler</a> from startup_stm32f103xb.o(.text) referenced from startup_stm32f103xb.o(RESET)
 <LI><a href="#[38]">I2C1_EV_IRQHandler</a> from startup_stm32f103xb.o(.text) referenced from startup_stm32f103xb.o(RESET)
 <LI><a href="#[3b]">I2C2_ER_IRQHandler</a> from startup_stm32f103xb.o(.text) referenced from startup_stm32f103xb.o(RESET)
 <LI><a href="#[3a]">I2C2_EV_IRQHandler</a> from startup_stm32f103xb.o(.text) referenced from startup_stm32f103xb.o(RESET)
 <LI><a href="#[c]">MasterNode_Sensor_scanIndexOD</a> from masternode_sensor.o(i.MasterNode_Sensor_scanIndexOD) referenced 2 times from masternode_sensor.o(.data)
 <LI><a href="#[1]">MasterNode_Sensor_valueRangeTest</a> from masternode_sensor.o(i.MasterNode_Sensor_valueRangeTest) referenced 2 times from masternode_sensor.o(.data)
 <LI><a href="#[12]">MemManage_Handler</a> from stm32f1xx_it.o(i.MemManage_Handler) referenced from startup_stm32f103xb.o(RESET)
 <LI><a href="#[10]">NMI_Handler</a> from stm32f1xx_it.o(i.NMI_Handler) referenced from startup_stm32f103xb.o(RESET)
 <LI><a href="#[57]">OnCOB_ID_SyncUpdate</a> from sync.o(i.OnCOB_ID_SyncUpdate) referenced from sync.o(i.startSYNC)
 <LI><a href="#[4f]">OnHeartbeatProducerUpdate</a> from lifegrd.o(i.OnHeartbeatProducerUpdate) referenced from lifegrd.o(i.heartbeatInit)
 <LI><a href="#[52]">OnNodeGuardUpdate</a> from lifegrd.o(i.OnNodeGuardUpdate) referenced from lifegrd.o(i.nodeguardInit)
 <LI><a href="#[4e]">OnNumberOfErrorsUpdate</a> from emcy.o(i.OnNumberOfErrorsUpdate) referenced from emcy.o(i.emergencyInit)
 <LI><a href="#[55]">PDOEventTimerAlarm</a> from pdo.o(i.PDOEventTimerAlarm) referenced from pdo.o(i.sendOnePDOevent)
 <LI><a href="#[56]">PDOInhibitTimerAlarm</a> from pdo.o(i.PDOInhibitTimerAlarm) referenced from pdo.o(i.sendOnePDOevent)
 <LI><a href="#[1a]">PVD_IRQHandler</a> from startup_stm32f103xb.o(.text) referenced from startup_stm32f103xb.o(RESET)
 <LI><a href="#[17]">PendSV_Handler</a> from port.o(.emb_text) referenced from startup_stm32f103xb.o(RESET)
 <LI><a href="#[4b]">ProducerHeartbeatAlarm</a> from lifegrd.o(i.ProducerHeartbeatAlarm) referenced from lifegrd.o(i.OnHeartbeatProducerUpdate)
 <LI><a href="#[4b]">ProducerHeartbeatAlarm</a> from lifegrd.o(i.ProducerHeartbeatAlarm) referenced from lifegrd.o(i.heartbeatInit)
 <LI><a href="#[1e]">RCC_IRQHandler</a> from startup_stm32f103xb.o(.text) referenced from startup_stm32f103xb.o(RESET)
 <LI><a href="#[42]">RTC_Alarm_IRQHandler</a> from startup_stm32f103xb.o(.text) referenced from startup_stm32f103xb.o(RESET)
 <LI><a href="#[1c]">RTC_IRQHandler</a> from startup_stm32f103xb.o(.text) referenced from startup_stm32f103xb.o(RESET)
 <LI><a href="#[f]">Reset_Handler</a> from startup_stm32f103xb.o(.text) referenced from startup_stm32f103xb.o(RESET)
 <LI><a href="#[51]">SDOTimeoutAlarm</a> from sdo.o(i.SDOTimeoutAlarm) referenced from sdo.o(i.initSDOline)
 <LI><a href="#[51]">SDOTimeoutAlarm</a> from sdo.o(i.SDOTimeoutAlarm) referenced 6 times from sdo.o(i.proceedSDO)
 <LI><a href="#[3c]">SPI1_IRQHandler</a> from startup_stm32f103xb.o(.text) referenced from startup_stm32f103xb.o(RESET)
 <LI><a href="#[3d]">SPI2_IRQHandler</a> from startup_stm32f103xb.o(.text) referenced from startup_stm32f103xb.o(RESET)
 <LI><a href="#[15]">SVC_Handler</a> from port.o(.emb_text) referenced from startup_stm32f103xb.o(RESET)
 <LI><a href="#[58]">SyncAlarm</a> from sync.o(i.SyncAlarm) referenced from sync.o(i.startSYNC)
 <LI><a href="#[18]">SysTick_Handler</a> from port.o(i.SysTick_Handler) referenced from startup_stm32f103xb.o(RESET)
 <LI><a href="#[45]">SystemInit</a> from system_stm32f1xx.o(i.SystemInit) referenced from startup_stm32f103xb.o(.text)
 <LI><a href="#[1b]">TAMPER_IRQHandler</a> from startup_stm32f103xb.o(.text) referenced from startup_stm32f103xb.o(RESET)
 <LI><a href="#[31]">TIM1_BRK_IRQHandler</a> from startup_stm32f103xb.o(.text) referenced from startup_stm32f103xb.o(RESET)
 <LI><a href="#[34]">TIM1_CC_IRQHandler</a> from startup_stm32f103xb.o(.text) referenced from startup_stm32f103xb.o(RESET)
 <LI><a href="#[33]">TIM1_TRG_COM_IRQHandler</a> from startup_stm32f103xb.o(.text) referenced from startup_stm32f103xb.o(RESET)
 <LI><a href="#[32]">TIM1_UP_IRQHandler</a> from stm32f1xx_it.o(i.TIM1_UP_IRQHandler) referenced from startup_stm32f103xb.o(RESET)
 <LI><a href="#[35]">TIM2_IRQHandler</a> from startup_stm32f103xb.o(.text) referenced from startup_stm32f103xb.o(RESET)
 <LI><a href="#[36]">TIM3_IRQHandler</a> from stm32f1xx_it.o(i.TIM3_IRQHandler) referenced from startup_stm32f103xb.o(RESET)
 <LI><a href="#[37]">TIM4_IRQHandler</a> from startup_stm32f103xb.o(.text) referenced from startup_stm32f103xb.o(RESET)
 <LI><a href="#[4c]">TPDO_Communication_Parameter_Callback</a> from pdo.o(i.TPDO_Communication_Parameter_Callback) referenced from pdo.o(i.PDOInit)
 <LI><a href="#[49]">Task_CANOpen</a> from freertos.o(i.Task_CANOpen) referenced from freertos.o(i.MX_FREERTOS_Init)
 <LI><a href="#[48]">Task_CanRev</a> from freertos.o(i.Task_CanRev) referenced from freertos.o(i.MX_FREERTOS_Init)
 <LI><a href="#[47]">Task_CanSen</a> from freertos.o(i.Task_CanSen) referenced from freertos.o(i.MX_FREERTOS_Init)
 <LI><a href="#[4a]">Task_DpUART</a> from freertos.o(i.Task_DpUART) referenced from freertos.o(i.MX_FREERTOS_Init)
 <LI><a href="#[3e]">USART1_IRQHandler</a> from startup_stm32f103xb.o(.text) referenced from startup_stm32f103xb.o(RESET)
 <LI><a href="#[3f]">USART2_IRQHandler</a> from startup_stm32f103xb.o(.text) referenced from startup_stm32f103xb.o(RESET)
 <LI><a href="#[40]">USART3_IRQHandler</a> from startup_stm32f103xb.o(.text) referenced from startup_stm32f103xb.o(RESET)
 <LI><a href="#[43]">USBWakeUp_IRQHandler</a> from startup_stm32f103xb.o(.text) referenced from startup_stm32f103xb.o(RESET)
 <LI><a href="#[2c]">USB_HP_CAN1_TX_IRQHandler</a> from startup_stm32f103xb.o(.text) referenced from startup_stm32f103xb.o(RESET)
 <LI><a href="#[2d]">USB_LP_CAN1_RX0_IRQHandler</a> from stm32f1xx_it.o(i.USB_LP_CAN1_RX0_IRQHandler) referenced from startup_stm32f103xb.o(RESET)
 <LI><a href="#[14]">UsageFault_Handler</a> from stm32f1xx_it.o(i.UsageFault_Handler) referenced from startup_stm32f103xb.o(RESET)
 <LI><a href="#[19]">WWDG_IRQHandler</a> from startup_stm32f103xb.o(.text) referenced from startup_stm32f103xb.o(RESET)
 <LI><a href="#[0]">_RxPDO_EventTimers_Handler</a> from pdo.o(i._RxPDO_EventTimers_Handler) referenced 2 times from masternode_sensor.o(.data)
 <LI><a href="#[46]">__main</a> from entry.o(.ARM.Collect$$$$00000000) referenced from startup_stm32f103xb.o(.text)
 <LI><a href="#[6]">_heartbeatError</a> from lifegrd.o(i._heartbeatError) referenced 2 times from masternode_sensor.o(.data)
 <LI><a href="#[2]">_initialisation</a> from states.o(i._initialisation) referenced 2 times from masternode_sensor.o(.data)
 <LI><a href="#[7]">_nodeguardError</a> from lifegrd.o(i._nodeguardError) referenced 2 times from masternode_sensor.o(.data)
 <LI><a href="#[4]">_operational</a> from states.o(i._operational) referenced 2 times from masternode_sensor.o(.data)
 <LI><a href="#[a]">_post_SlaveBootup</a> from lifegrd.o(i._post_SlaveBootup) referenced 2 times from masternode_sensor.o(.data)
 <LI><a href="#[b]">_post_SlaveStateChange</a> from lifegrd.o(i._post_SlaveStateChange) referenced 2 times from masternode_sensor.o(.data)
 <LI><a href="#[9]">_post_TPDO</a> from sync.o(i._post_TPDO) referenced 2 times from masternode_sensor.o(.data)
 <LI><a href="#[e]">_post_emcy</a> from emcy.o(i._post_emcy) referenced 2 times from masternode_sensor.o(.data)
 <LI><a href="#[8]">_post_sync</a> from sync.o(i._post_sync) referenced 2 times from masternode_sensor.o(.data)
 <LI><a href="#[3]">_preOperational</a> from states.o(i._preOperational) referenced 2 times from masternode_sensor.o(.data)
 <LI><a href="#[5]">_stopped</a> from states.o(i._stopped) referenced 2 times from masternode_sensor.o(.data)
 <LI><a href="#[d]">_storeODSubIndex</a> from objacces.o(i._storeODSubIndex) referenced 2 times from masternode_sensor.o(.data)
 <LI><a href="#[4d]">fputc</a> from freertos.o(i.fputc) referenced from printfa.o(i.__0printf)
 <LI><a href="#[44]">main</a> from main.o(i.main) referenced from entry9a.o(.ARM.Collect$$$$0000000B)
 <LI><a href="#[59]">prvIdleTask</a> from tasks.o(i.prvIdleTask) referenced from tasks.o(i.vTaskStartScheduler)
 <LI><a href="#[54]">prvTaskExitError</a> from port.o(i.prvTaskExitError) referenced from port.o(i.pxPortInitialiseStack)
 <LI><a href="#[5a]">prvTimerTask</a> from timers.o(i.prvTimerTask) referenced from timers.o(i.xTimerCreateTimerTask)
</UL>
<P>
<H3>
Global Symbols
</H3>
<P><STRONG><a name="[46]"></a>__main</STRONG> (Thumb, 0 bytes, Stack size unknown bytes, entry.o(.ARM.Collect$$$$00000000))
<BR>[Address Reference Count : 1]<UL><LI> startup_stm32f103xb.o(.text)
</UL>
<P><STRONG><a name="[141]"></a>_main_stk</STRONG> (Thumb, 0 bytes, Stack size unknown bytes, entry2.o(.ARM.Collect$$$$00000001))

<P><STRONG><a name="[5b]"></a>_main_scatterload</STRONG> (Thumb, 0 bytes, Stack size unknown bytes, entry5.o(.ARM.Collect$$$$00000004))
<BR><BR>[Calls]<UL><LI><a href="#[5c]">&gt;&gt;</a>&nbsp;&nbsp;&nbsp;__scatterload
</UL>

<P><STRONG><a name="[6d]"></a>__main_after_scatterload</STRONG> (Thumb, 0 bytes, Stack size unknown bytes, entry5.o(.ARM.Collect$$$$00000004))
<BR><BR>[Called By]<UL><LI><a href="#[5c]">&gt;&gt;</a>&nbsp;&nbsp;&nbsp;__scatterload
</UL>

<P><STRONG><a name="[142]"></a>_main_clock</STRONG> (Thumb, 0 bytes, Stack size unknown bytes, entry7b.o(.ARM.Collect$$$$00000008))

<P><STRONG><a name="[143]"></a>_main_cpp_init</STRONG> (Thumb, 0 bytes, Stack size unknown bytes, entry8b.o(.ARM.Collect$$$$0000000A))

<P><STRONG><a name="[144]"></a>_main_init</STRONG> (Thumb, 0 bytes, Stack size unknown bytes, entry9a.o(.ARM.Collect$$$$0000000B))

<P><STRONG><a name="[145]"></a>__rt_lib_shutdown_fini</STRONG> (Thumb, 0 bytes, Stack size unknown bytes, entry12b.o(.ARM.Collect$$$$0000000E))

<P><STRONG><a name="[146]"></a>__rt_final_cpp</STRONG> (Thumb, 0 bytes, Stack size unknown bytes, entry10a.o(.ARM.Collect$$$$0000000F))

<P><STRONG><a name="[147]"></a>__rt_final_exit</STRONG> (Thumb, 0 bytes, Stack size unknown bytes, entry11a.o(.ARM.Collect$$$$00000011))

<P><STRONG><a name="[15]"></a>SVC_Handler</STRONG> (Thumb, 32 bytes, Stack size 0 bytes, port.o(.emb_text))
<BR>[Address Reference Count : 1]<UL><LI> startup_stm32f103xb.o(RESET)
</UL>
<P><STRONG><a name="[13b]"></a>__asm___6_port_c_39a90d8d__prvStartFirstTask</STRONG> (Thumb, 28 bytes, Stack size 0 bytes, port.o(.emb_text))
<BR><BR>[Called By]<UL><LI><a href="#[139]">&gt;&gt;</a>&nbsp;&nbsp;&nbsp;xPortStartScheduler
</UL>

<P><STRONG><a name="[17]"></a>PendSV_Handler</STRONG> (Thumb, 72 bytes, Stack size 0 bytes, port.o(.emb_text))
<BR><BR>[Stack]<UL><LI>Max Depth = 8<LI>Call Chain = PendSV_Handler &rArr; vTaskSwitchContext
</UL>
<BR>[Calls]<UL><LI><a href="#[5d]">&gt;&gt;</a>&nbsp;&nbsp;&nbsp;vTaskSwitchContext
</UL>
<BR>[Address Reference Count : 1]<UL><LI> startup_stm32f103xb.o(RESET)
</UL>
<P><STRONG><a name="[134]"></a>vPortGetIPSR</STRONG> (Thumb, 6 bytes, Stack size 0 bytes, port.o(.emb_text))
<BR><BR>[Called By]<UL><LI><a href="#[133]">&gt;&gt;</a>&nbsp;&nbsp;&nbsp;vPortValidateInterruptPriority
</UL>

<P><STRONG><a name="[f]"></a>Reset_Handler</STRONG> (Thumb, 8 bytes, Stack size 0 bytes, startup_stm32f103xb.o(.text))
<BR>[Address Reference Count : 1]<UL><LI> startup_stm32f103xb.o(RESET)
</UL>
<P><STRONG><a name="[2b]"></a>ADC1_2_IRQHandler</STRONG> (Thumb, 0 bytes, Stack size 0 bytes, startup_stm32f103xb.o(.text))
<BR><BR>[Calls]<UL><LI><a href="#[2b]">&gt;&gt;</a>&nbsp;&nbsp;&nbsp;ADC1_2_IRQHandler
</UL>
<BR>[Called By]<UL><LI><a href="#[2b]">&gt;&gt;</a>&nbsp;&nbsp;&nbsp;ADC1_2_IRQHandler
</UL>
<BR>[Address Reference Count : 1]<UL><LI> startup_stm32f103xb.o(RESET)
</UL>
<P><STRONG><a name="[2e]"></a>CAN1_RX1_IRQHandler</STRONG> (Thumb, 0 bytes, Stack size 0 bytes, startup_stm32f103xb.o(.text))
<BR>[Address Reference Count : 1]<UL><LI> startup_stm32f103xb.o(RESET)
</UL>
<P><STRONG><a name="[2f]"></a>CAN1_SCE_IRQHandler</STRONG> (Thumb, 0 bytes, Stack size 0 bytes, startup_stm32f103xb.o(.text))
<BR>[Address Reference Count : 1]<UL><LI> startup_stm32f103xb.o(RESET)
</UL>
<P><STRONG><a name="[24]"></a>DMA1_Channel1_IRQHandler</STRONG> (Thumb, 0 bytes, Stack size 0 bytes, startup_stm32f103xb.o(.text))
<BR>[Address Reference Count : 1]<UL><LI> startup_stm32f103xb.o(RESET)
</UL>
<P><STRONG><a name="[25]"></a>DMA1_Channel2_IRQHandler</STRONG> (Thumb, 0 bytes, Stack size 0 bytes, startup_stm32f103xb.o(.text))
<BR>[Address Reference Count : 1]<UL><LI> startup_stm32f103xb.o(RESET)
</UL>
<P><STRONG><a name="[26]"></a>DMA1_Channel3_IRQHandler</STRONG> (Thumb, 0 bytes, Stack size 0 bytes, startup_stm32f103xb.o(.text))
<BR>[Address Reference Count : 1]<UL><LI> startup_stm32f103xb.o(RESET)
</UL>
<P><STRONG><a name="[27]"></a>DMA1_Channel4_IRQHandler</STRONG> (Thumb, 0 bytes, Stack size 0 bytes, startup_stm32f103xb.o(.text))
<BR>[Address Reference Count : 1]<UL><LI> startup_stm32f103xb.o(RESET)
</UL>
<P><STRONG><a name="[28]"></a>DMA1_Channel5_IRQHandler</STRONG> (Thumb, 0 bytes, Stack size 0 bytes, startup_stm32f103xb.o(.text))
<BR>[Address Reference Count : 1]<UL><LI> startup_stm32f103xb.o(RESET)
</UL>
<P><STRONG><a name="[29]"></a>DMA1_Channel6_IRQHandler</STRONG> (Thumb, 0 bytes, Stack size 0 bytes, startup_stm32f103xb.o(.text))
<BR>[Address Reference Count : 1]<UL><LI> startup_stm32f103xb.o(RESET)
</UL>
<P><STRONG><a name="[2a]"></a>DMA1_Channel7_IRQHandler</STRONG> (Thumb, 0 bytes, Stack size 0 bytes, startup_stm32f103xb.o(.text))
<BR>[Address Reference Count : 1]<UL><LI> startup_stm32f103xb.o(RESET)
</UL>
<P><STRONG><a name="[1f]"></a>EXTI0_IRQHandler</STRONG> (Thumb, 0 bytes, Stack size 0 bytes, startup_stm32f103xb.o(.text))
<BR>[Address Reference Count : 1]<UL><LI> startup_stm32f103xb.o(RESET)
</UL>
<P><STRONG><a name="[41]"></a>EXTI15_10_IRQHandler</STRONG> (Thumb, 0 bytes, Stack size 0 bytes, startup_stm32f103xb.o(.text))
<BR>[Address Reference Count : 1]<UL><LI> startup_stm32f103xb.o(RESET)
</UL>
<P><STRONG><a name="[20]"></a>EXTI1_IRQHandler</STRONG> (Thumb, 0 bytes, Stack size 0 bytes, startup_stm32f103xb.o(.text))
<BR>[Address Reference Count : 1]<UL><LI> startup_stm32f103xb.o(RESET)
</UL>
<P><STRONG><a name="[21]"></a>EXTI2_IRQHandler</STRONG> (Thumb, 0 bytes, Stack size 0 bytes, startup_stm32f103xb.o(.text))
<BR>[Address Reference Count : 1]<UL><LI> startup_stm32f103xb.o(RESET)
</UL>
<P><STRONG><a name="[22]"></a>EXTI3_IRQHandler</STRONG> (Thumb, 0 bytes, Stack size 0 bytes, startup_stm32f103xb.o(.text))
<BR>[Address Reference Count : 1]<UL><LI> startup_stm32f103xb.o(RESET)
</UL>
<P><STRONG><a name="[23]"></a>EXTI4_IRQHandler</STRONG> (Thumb, 0 bytes, Stack size 0 bytes, startup_stm32f103xb.o(.text))
<BR>[Address Reference Count : 1]<UL><LI> startup_stm32f103xb.o(RESET)
</UL>
<P><STRONG><a name="[30]"></a>EXTI9_5_IRQHandler</STRONG> (Thumb, 0 bytes, Stack size 0 bytes, startup_stm32f103xb.o(.text))
<BR>[Address Reference Count : 1]<UL><LI> startup_stm32f103xb.o(RESET)
</UL>
<P><STRONG><a name="[1d]"></a>FLASH_IRQHandler</STRONG> (Thumb, 0 bytes, Stack size 0 bytes, startup_stm32f103xb.o(.text))
<BR>[Address Reference Count : 1]<UL><LI> startup_stm32f103xb.o(RESET)
</UL>
<P><STRONG><a name="[39]"></a>I2C1_ER_IRQHandler</STRONG> (Thumb, 0 bytes, Stack size 0 bytes, startup_stm32f103xb.o(.text))
<BR>[Address Reference Count : 1]<UL><LI> startup_stm32f103xb.o(RESET)
</UL>
<P><STRONG><a name="[38]"></a>I2C1_EV_IRQHandler</STRONG> (Thumb, 0 bytes, Stack size 0 bytes, startup_stm32f103xb.o(.text))
<BR>[Address Reference Count : 1]<UL><LI> startup_stm32f103xb.o(RESET)
</UL>
<P><STRONG><a name="[3b]"></a>I2C2_ER_IRQHandler</STRONG> (Thumb, 0 bytes, Stack size 0 bytes, startup_stm32f103xb.o(.text))
<BR>[Address Reference Count : 1]<UL><LI> startup_stm32f103xb.o(RESET)
</UL>
<P><STRONG><a name="[3a]"></a>I2C2_EV_IRQHandler</STRONG> (Thumb, 0 bytes, Stack size 0 bytes, startup_stm32f103xb.o(.text))
<BR>[Address Reference Count : 1]<UL><LI> startup_stm32f103xb.o(RESET)
</UL>
<P><STRONG><a name="[1a]"></a>PVD_IRQHandler</STRONG> (Thumb, 0 bytes, Stack size 0 bytes, startup_stm32f103xb.o(.text))
<BR>[Address Reference Count : 1]<UL><LI> startup_stm32f103xb.o(RESET)
</UL>
<P><STRONG><a name="[1e]"></a>RCC_IRQHandler</STRONG> (Thumb, 0 bytes, Stack size 0 bytes, startup_stm32f103xb.o(.text))
<BR>[Address Reference Count : 1]<UL><LI> startup_stm32f103xb.o(RESET)
</UL>
<P><STRONG><a name="[42]"></a>RTC_Alarm_IRQHandler</STRONG> (Thumb, 0 bytes, Stack size 0 bytes, startup_stm32f103xb.o(.text))
<BR>[Address Reference Count : 1]<UL><LI> startup_stm32f103xb.o(RESET)
</UL>
<P><STRONG><a name="[1c]"></a>RTC_IRQHandler</STRONG> (Thumb, 0 bytes, Stack size 0 bytes, startup_stm32f103xb.o(.text))
<BR>[Address Reference Count : 1]<UL><LI> startup_stm32f103xb.o(RESET)
</UL>
<P><STRONG><a name="[3c]"></a>SPI1_IRQHandler</STRONG> (Thumb, 0 bytes, Stack size 0 bytes, startup_stm32f103xb.o(.text))
<BR>[Address Reference Count : 1]<UL><LI> startup_stm32f103xb.o(RESET)
</UL>
<P><STRONG><a name="[3d]"></a>SPI2_IRQHandler</STRONG> (Thumb, 0 bytes, Stack size 0 bytes, startup_stm32f103xb.o(.text))
<BR>[Address Reference Count : 1]<UL><LI> startup_stm32f103xb.o(RESET)
</UL>
<P><STRONG><a name="[1b]"></a>TAMPER_IRQHandler</STRONG> (Thumb, 0 bytes, Stack size 0 bytes, startup_stm32f103xb.o(.text))
<BR>[Address Reference Count : 1]<UL><LI> startup_stm32f103xb.o(RESET)
</UL>
<P><STRONG><a name="[31]"></a>TIM1_BRK_IRQHandler</STRONG> (Thumb, 0 bytes, Stack size 0 bytes, startup_stm32f103xb.o(.text))
<BR>[Address Reference Count : 1]<UL><LI> startup_stm32f103xb.o(RESET)
</UL>
<P><STRONG><a name="[34]"></a>TIM1_CC_IRQHandler</STRONG> (Thumb, 0 bytes, Stack size 0 bytes, startup_stm32f103xb.o(.text))
<BR>[Address Reference Count : 1]<UL><LI> startup_stm32f103xb.o(RESET)
</UL>
<P><STRONG><a name="[33]"></a>TIM1_TRG_COM_IRQHandler</STRONG> (Thumb, 0 bytes, Stack size 0 bytes, startup_stm32f103xb.o(.text))
<BR>[Address Reference Count : 1]<UL><LI> startup_stm32f103xb.o(RESET)
</UL>
<P><STRONG><a name="[35]"></a>TIM2_IRQHandler</STRONG> (Thumb, 0 bytes, Stack size 0 bytes, startup_stm32f103xb.o(.text))
<BR>[Address Reference Count : 1]<UL><LI> startup_stm32f103xb.o(RESET)
</UL>
<P><STRONG><a name="[37]"></a>TIM4_IRQHandler</STRONG> (Thumb, 0 bytes, Stack size 0 bytes, startup_stm32f103xb.o(.text))
<BR>[Address Reference Count : 1]<UL><LI> startup_stm32f103xb.o(RESET)
</UL>
<P><STRONG><a name="[3e]"></a>USART1_IRQHandler</STRONG> (Thumb, 0 bytes, Stack size 0 bytes, startup_stm32f103xb.o(.text))
<BR>[Address Reference Count : 1]<UL><LI> startup_stm32f103xb.o(RESET)
</UL>
<P><STRONG><a name="[3f]"></a>USART2_IRQHandler</STRONG> (Thumb, 0 bytes, Stack size 0 bytes, startup_stm32f103xb.o(.text))
<BR>[Address Reference Count : 1]<UL><LI> startup_stm32f103xb.o(RESET)
</UL>
<P><STRONG><a name="[40]"></a>USART3_IRQHandler</STRONG> (Thumb, 0 bytes, Stack size 0 bytes, startup_stm32f103xb.o(.text))
<BR>[Address Reference Count : 1]<UL><LI> startup_stm32f103xb.o(RESET)
</UL>
<P><STRONG><a name="[43]"></a>USBWakeUp_IRQHandler</STRONG> (Thumb, 0 bytes, Stack size 0 bytes, startup_stm32f103xb.o(.text))
<BR>[Address Reference Count : 1]<UL><LI> startup_stm32f103xb.o(RESET)
</UL>
<P><STRONG><a name="[2c]"></a>USB_HP_CAN1_TX_IRQHandler</STRONG> (Thumb, 0 bytes, Stack size 0 bytes, startup_stm32f103xb.o(.text))
<BR>[Address Reference Count : 1]<UL><LI> startup_stm32f103xb.o(RESET)
</UL>
<P><STRONG><a name="[19]"></a>WWDG_IRQHandler</STRONG> (Thumb, 0 bytes, Stack size 0 bytes, startup_stm32f103xb.o(.text))
<BR>[Address Reference Count : 1]<UL><LI> startup_stm32f103xb.o(RESET)
</UL>
<P><STRONG><a name="[62]"></a>__aeabi_llsr</STRONG> (Thumb, 32 bytes, Stack size 0 bytes, llushr.o(.text), UNUSED)
<BR><BR>[Called By]<UL><LI><a href="#[66]">&gt;&gt;</a>&nbsp;&nbsp;&nbsp;_double_epilogue
<LI><a href="#[61]">&gt;&gt;</a>&nbsp;&nbsp;&nbsp;__aeabi_uldivmod
<LI><a href="#[6c]">&gt;&gt;</a>&nbsp;&nbsp;&nbsp;__aeabi_d2ulz
</UL>

<P><STRONG><a name="[148]"></a>_ll_ushift_r</STRONG> (Thumb, 0 bytes, Stack size 0 bytes, llushr.o(.text), UNUSED)

<P><STRONG><a name="[db]"></a>__aeabi_memcpy</STRONG> (Thumb, 36 bytes, Stack size 0 bytes, memcpya.o(.text))
<BR><BR>[Called By]<UL><LI><a href="#[110]">&gt;&gt;</a>&nbsp;&nbsp;&nbsp;prvCopyDataToQueue
<LI><a href="#[10f]">&gt;&gt;</a>&nbsp;&nbsp;&nbsp;prvCopyDataFromQueue
<LI><a href="#[c2]">&gt;&gt;</a>&nbsp;&nbsp;&nbsp;_setODentry
<LI><a href="#[d9]">&gt;&gt;</a>&nbsp;&nbsp;&nbsp;_getODentry
</UL>

<P><STRONG><a name="[149]"></a>__aeabi_memcpy4</STRONG> (Thumb, 0 bytes, Stack size 0 bytes, memcpya.o(.text), UNUSED)

<P><STRONG><a name="[14a]"></a>__aeabi_memcpy8</STRONG> (Thumb, 0 bytes, Stack size 0 bytes, memcpya.o(.text), UNUSED)

<P><STRONG><a name="[5f]"></a>__aeabi_memset</STRONG> (Thumb, 14 bytes, Stack size 0 bytes, memseta.o(.text))
<BR><BR>[Called By]<UL><LI><a href="#[115]">&gt;&gt;</a>&nbsp;&nbsp;&nbsp;prvInitialiseNewTask
<LI><a href="#[60]">&gt;&gt;</a>&nbsp;&nbsp;&nbsp;memset
<LI><a href="#[5e]">&gt;&gt;</a>&nbsp;&nbsp;&nbsp;__aeabi_memclr
</UL>

<P><STRONG><a name="[14b]"></a>__aeabi_memset4</STRONG> (Thumb, 0 bytes, Stack size 0 bytes, memseta.o(.text), UNUSED)

<P><STRONG><a name="[14c]"></a>__aeabi_memset8</STRONG> (Thumb, 0 bytes, Stack size 0 bytes, memseta.o(.text), UNUSED)

<P><STRONG><a name="[5e]"></a>__aeabi_memclr</STRONG> (Thumb, 4 bytes, Stack size 0 bytes, memseta.o(.text), UNUSED)
<BR><BR>[Calls]<UL><LI><a href="#[5f]">&gt;&gt;</a>&nbsp;&nbsp;&nbsp;__aeabi_memset
</UL>

<P><STRONG><a name="[c8]"></a>__aeabi_memclr4</STRONG> (Thumb, 0 bytes, Stack size 0 bytes, memseta.o(.text))
<BR><BR>[Called By]<UL><LI><a href="#[c7]">&gt;&gt;</a>&nbsp;&nbsp;&nbsp;SystemClock_Config
</UL>

<P><STRONG><a name="[14d]"></a>__aeabi_memclr8</STRONG> (Thumb, 0 bytes, Stack size 0 bytes, memseta.o(.text), UNUSED)

<P><STRONG><a name="[60]"></a>memset</STRONG> (Thumb, 18 bytes, Stack size 8 bytes, memseta.o(.text), UNUSED)
<BR><BR>[Calls]<UL><LI><a href="#[5f]">&gt;&gt;</a>&nbsp;&nbsp;&nbsp;__aeabi_memset
</UL>

<P><STRONG><a name="[12d]"></a>memcmp</STRONG> (Thumb, 26 bytes, Stack size 12 bytes, memcmp.o(.text))
<BR><BR>[Stack]<UL><LI>Max Depth = 12<LI>Call Chain = memcmp
</UL>
<BR>[Called By]<UL><LI><a href="#[ba]">&gt;&gt;</a>&nbsp;&nbsp;&nbsp;sendOnePDOevent
</UL>

<P><STRONG><a name="[d3]"></a>__aeabi_f2d</STRONG> (Thumb, 38 bytes, Stack size 0 bytes, f2d.o(.text))
<BR><BR>[Called By]<UL><LI><a href="#[4a]">&gt;&gt;</a>&nbsp;&nbsp;&nbsp;Task_DpUART
</UL>

<P><STRONG><a name="[14e]"></a>__aeabi_uidiv</STRONG> (Thumb, 0 bytes, Stack size 12 bytes, uidiv.o(.text), UNUSED)

<P><STRONG><a name="[de]"></a>__aeabi_uidivmod</STRONG> (Thumb, 44 bytes, Stack size 12 bytes, uidiv.o(.text), UNUSED)
<BR><BR>[Called By]<UL><LI><a href="#[d6]">&gt;&gt;</a>&nbsp;&nbsp;&nbsp;_printf_core
</UL>

<P><STRONG><a name="[61]"></a>__aeabi_uldivmod</STRONG> (Thumb, 98 bytes, Stack size 40 bytes, uldiv.o(.text), UNUSED)
<BR><BR>[Calls]<UL><LI><a href="#[62]">&gt;&gt;</a>&nbsp;&nbsp;&nbsp;__aeabi_llsr
<LI><a href="#[63]">&gt;&gt;</a>&nbsp;&nbsp;&nbsp;__aeabi_llsl
</UL>
<BR>[Called By]<UL><LI><a href="#[d6]">&gt;&gt;</a>&nbsp;&nbsp;&nbsp;_printf_core
<LI><a href="#[d7]">&gt;&gt;</a>&nbsp;&nbsp;&nbsp;_fp_digits
</UL>

<P><STRONG><a name="[14f]"></a>__I$use$fp</STRONG> (Thumb, 0 bytes, Stack size 48 bytes, iusefp.o(.text), UNUSED)

<P><STRONG><a name="[64]"></a>__aeabi_dadd</STRONG> (Thumb, 322 bytes, Stack size 48 bytes, dadd.o(.text), UNUSED)
<BR><BR>[Calls]<UL><LI><a href="#[65]">&gt;&gt;</a>&nbsp;&nbsp;&nbsp;__aeabi_lasr
<LI><a href="#[63]">&gt;&gt;</a>&nbsp;&nbsp;&nbsp;__aeabi_llsl
<LI><a href="#[67]">&gt;&gt;</a>&nbsp;&nbsp;&nbsp;_double_round
<LI><a href="#[66]">&gt;&gt;</a>&nbsp;&nbsp;&nbsp;_double_epilogue
</UL>
<BR>[Called By]<UL><LI><a href="#[69]">&gt;&gt;</a>&nbsp;&nbsp;&nbsp;__aeabi_drsub
<LI><a href="#[68]">&gt;&gt;</a>&nbsp;&nbsp;&nbsp;__aeabi_dsub
<LI><a href="#[d7]">&gt;&gt;</a>&nbsp;&nbsp;&nbsp;_fp_digits
</UL>

<P><STRONG><a name="[68]"></a>__aeabi_dsub</STRONG> (Thumb, 6 bytes, Stack size 0 bytes, dadd.o(.text), UNUSED)
<BR><BR>[Calls]<UL><LI><a href="#[64]">&gt;&gt;</a>&nbsp;&nbsp;&nbsp;__aeabi_dadd
</UL>

<P><STRONG><a name="[69]"></a>__aeabi_drsub</STRONG> (Thumb, 6 bytes, Stack size 0 bytes, dadd.o(.text), UNUSED)
<BR><BR>[Calls]<UL><LI><a href="#[64]">&gt;&gt;</a>&nbsp;&nbsp;&nbsp;__aeabi_dadd
</UL>

<P><STRONG><a name="[6a]"></a>__aeabi_dmul</STRONG> (Thumb, 228 bytes, Stack size 48 bytes, dmul.o(.text), UNUSED)
<BR><BR>[Calls]<UL><LI><a href="#[66]">&gt;&gt;</a>&nbsp;&nbsp;&nbsp;_double_epilogue
</UL>
<BR>[Called By]<UL><LI><a href="#[d7]">&gt;&gt;</a>&nbsp;&nbsp;&nbsp;_fp_digits
</UL>

<P><STRONG><a name="[6b]"></a>__aeabi_ddiv</STRONG> (Thumb, 222 bytes, Stack size 32 bytes, ddiv.o(.text), UNUSED)
<BR><BR>[Calls]<UL><LI><a href="#[67]">&gt;&gt;</a>&nbsp;&nbsp;&nbsp;_double_round
</UL>
<BR>[Called By]<UL><LI><a href="#[d7]">&gt;&gt;</a>&nbsp;&nbsp;&nbsp;_fp_digits
</UL>

<P><STRONG><a name="[6c]"></a>__aeabi_d2ulz</STRONG> (Thumb, 48 bytes, Stack size 0 bytes, dfixul.o(.text), UNUSED)
<BR><BR>[Calls]<UL><LI><a href="#[62]">&gt;&gt;</a>&nbsp;&nbsp;&nbsp;__aeabi_llsr
<LI><a href="#[63]">&gt;&gt;</a>&nbsp;&nbsp;&nbsp;__aeabi_llsl
</UL>
<BR>[Called By]<UL><LI><a href="#[d7]">&gt;&gt;</a>&nbsp;&nbsp;&nbsp;_fp_digits
</UL>

<P><STRONG><a name="[d8]"></a>__aeabi_cdrcmple</STRONG> (Thumb, 48 bytes, Stack size 0 bytes, cdrcmple.o(.text), UNUSED)
<BR><BR>[Called By]<UL><LI><a href="#[d7]">&gt;&gt;</a>&nbsp;&nbsp;&nbsp;_fp_digits
</UL>

<P><STRONG><a name="[5c]"></a>__scatterload</STRONG> (Thumb, 28 bytes, Stack size 0 bytes, init.o(.text))
<BR><BR>[Calls]<UL><LI><a href="#[6d]">&gt;&gt;</a>&nbsp;&nbsp;&nbsp;__main_after_scatterload
</UL>
<BR>[Called By]<UL><LI><a href="#[5b]">&gt;&gt;</a>&nbsp;&nbsp;&nbsp;_main_scatterload
</UL>

<P><STRONG><a name="[150]"></a>__scatterload_rt2</STRONG> (Thumb, 0 bytes, Stack size 0 bytes, init.o(.text), UNUSED)

<P><STRONG><a name="[63]"></a>__aeabi_llsl</STRONG> (Thumb, 30 bytes, Stack size 0 bytes, llshl.o(.text), UNUSED)
<BR><BR>[Called By]<UL><LI><a href="#[66]">&gt;&gt;</a>&nbsp;&nbsp;&nbsp;_double_epilogue
<LI><a href="#[61]">&gt;&gt;</a>&nbsp;&nbsp;&nbsp;__aeabi_uldivmod
<LI><a href="#[64]">&gt;&gt;</a>&nbsp;&nbsp;&nbsp;__aeabi_dadd
<LI><a href="#[6c]">&gt;&gt;</a>&nbsp;&nbsp;&nbsp;__aeabi_d2ulz
</UL>

<P><STRONG><a name="[151]"></a>_ll_shift_l</STRONG> (Thumb, 0 bytes, Stack size 0 bytes, llshl.o(.text), UNUSED)

<P><STRONG><a name="[65]"></a>__aeabi_lasr</STRONG> (Thumb, 36 bytes, Stack size 0 bytes, llsshr.o(.text), UNUSED)
<BR><BR>[Called By]<UL><LI><a href="#[64]">&gt;&gt;</a>&nbsp;&nbsp;&nbsp;__aeabi_dadd
</UL>

<P><STRONG><a name="[152]"></a>_ll_sshift_r</STRONG> (Thumb, 0 bytes, Stack size 0 bytes, llsshr.o(.text), UNUSED)

<P><STRONG><a name="[67]"></a>_double_round</STRONG> (Thumb, 30 bytes, Stack size 8 bytes, depilogue.o(.text), UNUSED)
<BR><BR>[Called By]<UL><LI><a href="#[66]">&gt;&gt;</a>&nbsp;&nbsp;&nbsp;_double_epilogue
<LI><a href="#[6b]">&gt;&gt;</a>&nbsp;&nbsp;&nbsp;__aeabi_ddiv
<LI><a href="#[64]">&gt;&gt;</a>&nbsp;&nbsp;&nbsp;__aeabi_dadd
</UL>

<P><STRONG><a name="[66]"></a>_double_epilogue</STRONG> (Thumb, 156 bytes, Stack size 32 bytes, depilogue.o(.text), UNUSED)
<BR><BR>[Calls]<UL><LI><a href="#[62]">&gt;&gt;</a>&nbsp;&nbsp;&nbsp;__aeabi_llsr
<LI><a href="#[63]">&gt;&gt;</a>&nbsp;&nbsp;&nbsp;__aeabi_llsl
<LI><a href="#[67]">&gt;&gt;</a>&nbsp;&nbsp;&nbsp;_double_round
</UL>
<BR>[Called By]<UL><LI><a href="#[6a]">&gt;&gt;</a>&nbsp;&nbsp;&nbsp;__aeabi_dmul
<LI><a href="#[64]">&gt;&gt;</a>&nbsp;&nbsp;&nbsp;__aeabi_dadd
</UL>

<P><STRONG><a name="[153]"></a>__decompress</STRONG> (Thumb, 0 bytes, Stack size unknown bytes, __dczerorl2.o(.text), UNUSED)

<P><STRONG><a name="[154]"></a>__decompress1</STRONG> (Thumb, 86 bytes, Stack size unknown bytes, __dczerorl2.o(.text), UNUSED)

<P><STRONG><a name="[13]"></a>BusFault_Handler</STRONG> (Thumb, 2 bytes, Stack size 0 bytes, stm32f1xx_it.o(i.BusFault_Handler))
<BR><BR>[Calls]<UL><LI><a href="#[13]">&gt;&gt;</a>&nbsp;&nbsp;&nbsp;BusFault_Handler
</UL>
<BR>[Called By]<UL><LI><a href="#[13]">&gt;&gt;</a>&nbsp;&nbsp;&nbsp;BusFault_Handler
</UL>
<BR>[Address Reference Count : 1]<UL><LI> startup_stm32f103xb.o(RESET)
</UL>
<P><STRONG><a name="[50]"></a>ConsumerHeartbeatAlarm</STRONG> (Thumb, 44 bytes, Stack size 8 bytes, lifegrd.o(i.ConsumerHeartbeatAlarm))
<BR><BR>[Stack]<UL><LI>Max Depth = 8<LI>Call Chain = ConsumerHeartbeatAlarm
</UL>
<BR>[Address Reference Count : 2]<UL><LI> lifegrd.o(i.heartbeatInit)
<LI> lifegrd.o(i.proceedNODE_GUARD)
</UL>
<P><STRONG><a name="[e1]"></a>CopyBits</STRONG> (Thumb, 160 bytes, Stack size 36 bytes, pdo.o(i.CopyBits))
<BR><BR>[Stack]<UL><LI>Max Depth = 36<LI>Call Chain = CopyBits
</UL>
<BR>[Called By]<UL><LI><a href="#[e4]">&gt;&gt;</a>&nbsp;&nbsp;&nbsp;proceedPDO
<LI><a href="#[df]">&gt;&gt;</a>&nbsp;&nbsp;&nbsp;buildPDO
</UL>

<P><STRONG><a name="[16]"></a>DebugMon_Handler</STRONG> (Thumb, 2 bytes, Stack size 0 bytes, stm32f1xx_it.o(i.DebugMon_Handler))
<BR>[Address Reference Count : 1]<UL><LI> startup_stm32f103xb.o(RESET)
</UL>
<P><STRONG><a name="[6f]"></a>DelAlarm</STRONG> (Thumb, 36 bytes, Stack size 0 bytes, timer.o(i.DelAlarm))
<BR><BR>[Called By]<UL><LI><a href="#[131]">&gt;&gt;</a>&nbsp;&nbsp;&nbsp;stopSYNC
<LI><a href="#[e5]">&gt;&gt;</a>&nbsp;&nbsp;&nbsp;proceedSDO
<LI><a href="#[ef]">&gt;&gt;</a>&nbsp;&nbsp;&nbsp;initSDOline
<LI><a href="#[eb]">&gt;&gt;</a>&nbsp;&nbsp;&nbsp;failedSDO
<LI><a href="#[ba]">&gt;&gt;</a>&nbsp;&nbsp;&nbsp;sendOnePDOevent
<LI><a href="#[e4]">&gt;&gt;</a>&nbsp;&nbsp;&nbsp;proceedPDO
<LI><a href="#[4c]">&gt;&gt;</a>&nbsp;&nbsp;&nbsp;TPDO_Communication_Parameter_Callback
<LI><a href="#[bd]">&gt;&gt;</a>&nbsp;&nbsp;&nbsp;PDOStop
<LI><a href="#[e6]">&gt;&gt;</a>&nbsp;&nbsp;&nbsp;proceedNODE_GUARD
<LI><a href="#[b8]">&gt;&gt;</a>&nbsp;&nbsp;&nbsp;nodeguardStop
<LI><a href="#[ee]">&gt;&gt;</a>&nbsp;&nbsp;&nbsp;heartbeatStop
<LI><a href="#[4b]">&gt;&gt;</a>&nbsp;&nbsp;&nbsp;ProducerHeartbeatAlarm
<LI><a href="#[4f]">&gt;&gt;</a>&nbsp;&nbsp;&nbsp;OnHeartbeatProducerUpdate
<LI><a href="#[53]">&gt;&gt;</a>&nbsp;&nbsp;&nbsp;GuardTimeAlarm
</UL>

<P><STRONG><a name="[85]"></a>Error_Handler</STRONG> (Thumb, 4 bytes, Stack size 0 bytes, main.o(i.Error_Handler))
<BR><BR>[Called By]<UL><LI><a href="#[78]">&gt;&gt;</a>&nbsp;&nbsp;&nbsp;HAL_CAN_RxFifo0MsgPendingCallback
<LI><a href="#[b5]">&gt;&gt;</a>&nbsp;&nbsp;&nbsp;MX_USART1_UART_Init
<LI><a href="#[b3]">&gt;&gt;</a>&nbsp;&nbsp;&nbsp;MX_TIM3_Init
<LI><a href="#[ac]">&gt;&gt;</a>&nbsp;&nbsp;&nbsp;MX_CAN_Init
<LI><a href="#[c7]">&gt;&gt;</a>&nbsp;&nbsp;&nbsp;SystemClock_Config
</UL>

<P><STRONG><a name="[53]"></a>GuardTimeAlarm</STRONG> (Thumb, 100 bytes, Stack size 16 bytes, lifegrd.o(i.GuardTimeAlarm))
<BR><BR>[Stack]<UL><LI>Max Depth = 144<LI>Call Chain = GuardTimeAlarm &rArr; masterSendNMTnodeguard &rArr; canSend &rArr; xQueueGenericSend &rArr; xTaskResumeAll &rArr; xTaskIncrementTick
</UL>
<BR>[Calls]<UL><LI><a href="#[6e]">&gt;&gt;</a>&nbsp;&nbsp;&nbsp;masterSendNMTnodeguard
<LI><a href="#[6f]">&gt;&gt;</a>&nbsp;&nbsp;&nbsp;DelAlarm
</UL>
<BR>[Address Reference Count : 1]<UL><LI> lifegrd.o(i.nodeguardInit)
</UL>
<P><STRONG><a name="[86]"></a>HAL_CAN_ActivateNotification</STRONG> (Thumb, 36 bytes, Stack size 0 bytes, stm32f1xx_hal_can.o(i.HAL_CAN_ActivateNotification))
<BR><BR>[Called By]<UL><LI><a href="#[78]">&gt;&gt;</a>&nbsp;&nbsp;&nbsp;HAL_CAN_RxFifo0MsgPendingCallback
<LI><a href="#[ac]">&gt;&gt;</a>&nbsp;&nbsp;&nbsp;MX_CAN_Init
</UL>

<P><STRONG><a name="[d1]"></a>HAL_CAN_AddTxMessage</STRONG> (Thumb, 226 bytes, Stack size 20 bytes, stm32f1xx_hal_can.o(i.HAL_CAN_AddTxMessage))
<BR><BR>[Stack]<UL><LI>Max Depth = 20<LI>Call Chain = HAL_CAN_AddTxMessage
</UL>
<BR>[Called By]<UL><LI><a href="#[47]">&gt;&gt;</a>&nbsp;&nbsp;&nbsp;Task_CanSen
</UL>

<P><STRONG><a name="[ad]"></a>HAL_CAN_ConfigFilter</STRONG> (Thumb, 248 bytes, Stack size 8 bytes, stm32f1xx_hal_can.o(i.HAL_CAN_ConfigFilter))
<BR><BR>[Stack]<UL><LI>Max Depth = 8<LI>Call Chain = HAL_CAN_ConfigFilter
</UL>
<BR>[Called By]<UL><LI><a href="#[ac]">&gt;&gt;</a>&nbsp;&nbsp;&nbsp;MX_CAN_Init
</UL>

<P><STRONG><a name="[7d]"></a>HAL_CAN_ErrorCallback</STRONG> (Thumb, 2 bytes, Stack size 0 bytes, stm32f1xx_hal_can.o(i.HAL_CAN_ErrorCallback))
<BR><BR>[Called By]<UL><LI><a href="#[70]">&gt;&gt;</a>&nbsp;&nbsp;&nbsp;HAL_CAN_IRQHandler
</UL>

<P><STRONG><a name="[84]"></a>HAL_CAN_GetRxMessage</STRONG> (Thumb, 274 bytes, Stack size 16 bytes, stm32f1xx_hal_can.o(i.HAL_CAN_GetRxMessage))
<BR><BR>[Stack]<UL><LI>Max Depth = 16<LI>Call Chain = HAL_CAN_GetRxMessage
</UL>
<BR>[Called By]<UL><LI><a href="#[78]">&gt;&gt;</a>&nbsp;&nbsp;&nbsp;HAL_CAN_RxFifo0MsgPendingCallback
</UL>

<P><STRONG><a name="[d2]"></a>HAL_CAN_GetTxMailboxesFreeLevel</STRONG> (Thumb, 44 bytes, Stack size 0 bytes, stm32f1xx_hal_can.o(i.HAL_CAN_GetTxMailboxesFreeLevel))
<BR><BR>[Called By]<UL><LI><a href="#[47]">&gt;&gt;</a>&nbsp;&nbsp;&nbsp;Task_CanSen
</UL>

<P><STRONG><a name="[70]"></a>HAL_CAN_IRQHandler</STRONG> (Thumb, 508 bytes, Stack size 40 bytes, stm32f1xx_hal_can.o(i.HAL_CAN_IRQHandler))
<BR><BR>[Stack]<UL><LI>Max Depth = 120<LI>Call Chain = HAL_CAN_IRQHandler &rArr; HAL_CAN_RxFifo0MsgPendingCallback &rArr; xQueueGenericSendFromISR &rArr; prvCopyDataToQueue &rArr; xTaskPriorityDisinherit
</UL>
<BR>[Calls]<UL><LI><a href="#[78]">&gt;&gt;</a>&nbsp;&nbsp;&nbsp;HAL_CAN_RxFifo0MsgPendingCallback
<LI><a href="#[7c]">&gt;&gt;</a>&nbsp;&nbsp;&nbsp;HAL_CAN_WakeUpFromRxMsgCallback
<LI><a href="#[75]">&gt;&gt;</a>&nbsp;&nbsp;&nbsp;HAL_CAN_TxMailbox2CompleteCallback
<LI><a href="#[76]">&gt;&gt;</a>&nbsp;&nbsp;&nbsp;HAL_CAN_TxMailbox2AbortCallback
<LI><a href="#[73]">&gt;&gt;</a>&nbsp;&nbsp;&nbsp;HAL_CAN_TxMailbox1CompleteCallback
<LI><a href="#[74]">&gt;&gt;</a>&nbsp;&nbsp;&nbsp;HAL_CAN_TxMailbox1AbortCallback
<LI><a href="#[71]">&gt;&gt;</a>&nbsp;&nbsp;&nbsp;HAL_CAN_TxMailbox0CompleteCallback
<LI><a href="#[72]">&gt;&gt;</a>&nbsp;&nbsp;&nbsp;HAL_CAN_TxMailbox0AbortCallback
<LI><a href="#[7b]">&gt;&gt;</a>&nbsp;&nbsp;&nbsp;HAL_CAN_SleepCallback
<LI><a href="#[7a]">&gt;&gt;</a>&nbsp;&nbsp;&nbsp;HAL_CAN_RxFifo1MsgPendingCallback
<LI><a href="#[79]">&gt;&gt;</a>&nbsp;&nbsp;&nbsp;HAL_CAN_RxFifo1FullCallback
<LI><a href="#[77]">&gt;&gt;</a>&nbsp;&nbsp;&nbsp;HAL_CAN_RxFifo0FullCallback
<LI><a href="#[7d]">&gt;&gt;</a>&nbsp;&nbsp;&nbsp;HAL_CAN_ErrorCallback
</UL>
<BR>[Called By]<UL><LI><a href="#[2d]">&gt;&gt;</a>&nbsp;&nbsp;&nbsp;USB_LP_CAN1_RX0_IRQHandler
</UL>

<P><STRONG><a name="[7e]"></a>HAL_CAN_Init</STRONG> (Thumb, 338 bytes, Stack size 16 bytes, stm32f1xx_hal_can.o(i.HAL_CAN_Init))
<BR><BR>[Stack]<UL><LI>Max Depth = 88<LI>Call Chain = HAL_CAN_Init &rArr; HAL_CAN_MspInit &rArr; HAL_GPIO_Init
</UL>
<BR>[Calls]<UL><LI><a href="#[7f]">&gt;&gt;</a>&nbsp;&nbsp;&nbsp;HAL_CAN_MspInit
<LI><a href="#[80]">&gt;&gt;</a>&nbsp;&nbsp;&nbsp;HAL_GetTick
</UL>
<BR>[Called By]<UL><LI><a href="#[ac]">&gt;&gt;</a>&nbsp;&nbsp;&nbsp;MX_CAN_Init
</UL>

<P><STRONG><a name="[7f]"></a>HAL_CAN_MspInit</STRONG> (Thumb, 112 bytes, Stack size 32 bytes, can.o(i.HAL_CAN_MspInit))
<BR><BR>[Stack]<UL><LI>Max Depth = 72<LI>Call Chain = HAL_CAN_MspInit &rArr; HAL_GPIO_Init
</UL>
<BR>[Calls]<UL><LI><a href="#[82]">&gt;&gt;</a>&nbsp;&nbsp;&nbsp;HAL_NVIC_SetPriority
<LI><a href="#[83]">&gt;&gt;</a>&nbsp;&nbsp;&nbsp;HAL_NVIC_EnableIRQ
<LI><a href="#[81]">&gt;&gt;</a>&nbsp;&nbsp;&nbsp;HAL_GPIO_Init
</UL>
<BR>[Called By]<UL><LI><a href="#[7e]">&gt;&gt;</a>&nbsp;&nbsp;&nbsp;HAL_CAN_Init
</UL>

<P><STRONG><a name="[77]"></a>HAL_CAN_RxFifo0FullCallback</STRONG> (Thumb, 2 bytes, Stack size 0 bytes, stm32f1xx_hal_can.o(i.HAL_CAN_RxFifo0FullCallback))
<BR><BR>[Called By]<UL><LI><a href="#[70]">&gt;&gt;</a>&nbsp;&nbsp;&nbsp;HAL_CAN_IRQHandler
</UL>

<P><STRONG><a name="[78]"></a>HAL_CAN_RxFifo0MsgPendingCallback</STRONG> (Thumb, 84 bytes, Stack size 8 bytes, freertos.o(i.HAL_CAN_RxFifo0MsgPendingCallback))
<BR><BR>[Stack]<UL><LI>Max Depth = 80<LI>Call Chain = HAL_CAN_RxFifo0MsgPendingCallback &rArr; xQueueGenericSendFromISR &rArr; prvCopyDataToQueue &rArr; xTaskPriorityDisinherit
</UL>
<BR>[Calls]<UL><LI><a href="#[87]">&gt;&gt;</a>&nbsp;&nbsp;&nbsp;xQueueGenericSendFromISR
<LI><a href="#[84]">&gt;&gt;</a>&nbsp;&nbsp;&nbsp;HAL_CAN_GetRxMessage
<LI><a href="#[86]">&gt;&gt;</a>&nbsp;&nbsp;&nbsp;HAL_CAN_ActivateNotification
<LI><a href="#[85]">&gt;&gt;</a>&nbsp;&nbsp;&nbsp;Error_Handler
</UL>
<BR>[Called By]<UL><LI><a href="#[70]">&gt;&gt;</a>&nbsp;&nbsp;&nbsp;HAL_CAN_IRQHandler
</UL>

<P><STRONG><a name="[79]"></a>HAL_CAN_RxFifo1FullCallback</STRONG> (Thumb, 2 bytes, Stack size 0 bytes, stm32f1xx_hal_can.o(i.HAL_CAN_RxFifo1FullCallback))
<BR><BR>[Called By]<UL><LI><a href="#[70]">&gt;&gt;</a>&nbsp;&nbsp;&nbsp;HAL_CAN_IRQHandler
</UL>

<P><STRONG><a name="[7a]"></a>HAL_CAN_RxFifo1MsgPendingCallback</STRONG> (Thumb, 2 bytes, Stack size 0 bytes, stm32f1xx_hal_can.o(i.HAL_CAN_RxFifo1MsgPendingCallback))
<BR><BR>[Called By]<UL><LI><a href="#[70]">&gt;&gt;</a>&nbsp;&nbsp;&nbsp;HAL_CAN_IRQHandler
</UL>

<P><STRONG><a name="[7b]"></a>HAL_CAN_SleepCallback</STRONG> (Thumb, 2 bytes, Stack size 0 bytes, stm32f1xx_hal_can.o(i.HAL_CAN_SleepCallback))
<BR><BR>[Called By]<UL><LI><a href="#[70]">&gt;&gt;</a>&nbsp;&nbsp;&nbsp;HAL_CAN_IRQHandler
</UL>

<P><STRONG><a name="[88]"></a>HAL_CAN_Start</STRONG> (Thumb, 88 bytes, Stack size 16 bytes, stm32f1xx_hal_can.o(i.HAL_CAN_Start))
<BR><BR>[Stack]<UL><LI>Max Depth = 16<LI>Call Chain = HAL_CAN_Start
</UL>
<BR>[Calls]<UL><LI><a href="#[80]">&gt;&gt;</a>&nbsp;&nbsp;&nbsp;HAL_GetTick
</UL>
<BR>[Called By]<UL><LI><a href="#[ac]">&gt;&gt;</a>&nbsp;&nbsp;&nbsp;MX_CAN_Init
</UL>

<P><STRONG><a name="[72]"></a>HAL_CAN_TxMailbox0AbortCallback</STRONG> (Thumb, 2 bytes, Stack size 0 bytes, stm32f1xx_hal_can.o(i.HAL_CAN_TxMailbox0AbortCallback))
<BR><BR>[Called By]<UL><LI><a href="#[70]">&gt;&gt;</a>&nbsp;&nbsp;&nbsp;HAL_CAN_IRQHandler
</UL>

<P><STRONG><a name="[71]"></a>HAL_CAN_TxMailbox0CompleteCallback</STRONG> (Thumb, 2 bytes, Stack size 0 bytes, stm32f1xx_hal_can.o(i.HAL_CAN_TxMailbox0CompleteCallback))
<BR><BR>[Called By]<UL><LI><a href="#[70]">&gt;&gt;</a>&nbsp;&nbsp;&nbsp;HAL_CAN_IRQHandler
</UL>

<P><STRONG><a name="[74]"></a>HAL_CAN_TxMailbox1AbortCallback</STRONG> (Thumb, 2 bytes, Stack size 0 bytes, stm32f1xx_hal_can.o(i.HAL_CAN_TxMailbox1AbortCallback))
<BR><BR>[Called By]<UL><LI><a href="#[70]">&gt;&gt;</a>&nbsp;&nbsp;&nbsp;HAL_CAN_IRQHandler
</UL>

<P><STRONG><a name="[73]"></a>HAL_CAN_TxMailbox1CompleteCallback</STRONG> (Thumb, 2 bytes, Stack size 0 bytes, stm32f1xx_hal_can.o(i.HAL_CAN_TxMailbox1CompleteCallback))
<BR><BR>[Called By]<UL><LI><a href="#[70]">&gt;&gt;</a>&nbsp;&nbsp;&nbsp;HAL_CAN_IRQHandler
</UL>

<P><STRONG><a name="[76]"></a>HAL_CAN_TxMailbox2AbortCallback</STRONG> (Thumb, 2 bytes, Stack size 0 bytes, stm32f1xx_hal_can.o(i.HAL_CAN_TxMailbox2AbortCallback))
<BR><BR>[Called By]<UL><LI><a href="#[70]">&gt;&gt;</a>&nbsp;&nbsp;&nbsp;HAL_CAN_IRQHandler
</UL>

<P><STRONG><a name="[75]"></a>HAL_CAN_TxMailbox2CompleteCallback</STRONG> (Thumb, 2 bytes, Stack size 0 bytes, stm32f1xx_hal_can.o(i.HAL_CAN_TxMailbox2CompleteCallback))
<BR><BR>[Called By]<UL><LI><a href="#[70]">&gt;&gt;</a>&nbsp;&nbsp;&nbsp;HAL_CAN_IRQHandler
</UL>

<P><STRONG><a name="[7c]"></a>HAL_CAN_WakeUpFromRxMsgCallback</STRONG> (Thumb, 2 bytes, Stack size 0 bytes, stm32f1xx_hal_can.o(i.HAL_CAN_WakeUpFromRxMsgCallback))
<BR><BR>[Called By]<UL><LI><a href="#[70]">&gt;&gt;</a>&nbsp;&nbsp;&nbsp;HAL_CAN_IRQHandler
</UL>

<P><STRONG><a name="[81]"></a>HAL_GPIO_Init</STRONG> (Thumb, 464 bytes, Stack size 40 bytes, stm32f1xx_hal_gpio.o(i.HAL_GPIO_Init))
<BR><BR>[Stack]<UL><LI>Max Depth = 40<LI>Call Chain = HAL_GPIO_Init
</UL>
<BR>[Called By]<UL><LI><a href="#[aa]">&gt;&gt;</a>&nbsp;&nbsp;&nbsp;HAL_UART_MspInit
<LI><a href="#[7f]">&gt;&gt;</a>&nbsp;&nbsp;&nbsp;HAL_CAN_MspInit
<LI><a href="#[b1]">&gt;&gt;</a>&nbsp;&nbsp;&nbsp;MX_GPIO_Init
</UL>

<P><STRONG><a name="[ce]"></a>HAL_GPIO_TogglePin</STRONG> (Thumb, 16 bytes, Stack size 0 bytes, stm32f1xx_hal_gpio.o(i.HAL_GPIO_TogglePin))
<BR><BR>[Called By]<UL><LI><a href="#[49]">&gt;&gt;</a>&nbsp;&nbsp;&nbsp;Task_CANOpen
</UL>

<P><STRONG><a name="[b2]"></a>HAL_GPIO_WritePin</STRONG> (Thumb, 14 bytes, Stack size 0 bytes, stm32f1xx_hal_gpio.o(i.HAL_GPIO_WritePin))
<BR><BR>[Called By]<UL><LI><a href="#[b1]">&gt;&gt;</a>&nbsp;&nbsp;&nbsp;MX_GPIO_Init
</UL>

<P><STRONG><a name="[80]"></a>HAL_GetTick</STRONG> (Thumb, 6 bytes, Stack size 0 bytes, stm32f1xx_hal.o(i.HAL_GetTick))
<BR><BR>[Called By]<UL><LI><a href="#[88]">&gt;&gt;</a>&nbsp;&nbsp;&nbsp;HAL_CAN_Start
<LI><a href="#[7e]">&gt;&gt;</a>&nbsp;&nbsp;&nbsp;HAL_CAN_Init
<LI><a href="#[96]">&gt;&gt;</a>&nbsp;&nbsp;&nbsp;HAL_RCC_OscConfig
<LI><a href="#[92]">&gt;&gt;</a>&nbsp;&nbsp;&nbsp;HAL_RCC_ClockConfig
</UL>

<P><STRONG><a name="[a7]"></a>HAL_IncTick</STRONG> (Thumb, 12 bytes, Stack size 0 bytes, stm32f1xx_hal.o(i.HAL_IncTick))
<BR><BR>[Called By]<UL><LI><a href="#[a3]">&gt;&gt;</a>&nbsp;&nbsp;&nbsp;HAL_TIM_PeriodElapsedCallback
</UL>

<P><STRONG><a name="[89]"></a>HAL_Init</STRONG> (Thumb, 32 bytes, Stack size 8 bytes, stm32f1xx_hal.o(i.HAL_Init))
<BR><BR>[Stack]<UL><LI>Max Depth = 80<LI>Call Chain = HAL_Init &rArr; HAL_InitTick &rArr; HAL_TIM_Base_Init &rArr; HAL_TIM_Base_MspInit &rArr; HAL_NVIC_SetPriority
</UL>
<BR>[Calls]<UL><LI><a href="#[8b]">&gt;&gt;</a>&nbsp;&nbsp;&nbsp;HAL_InitTick
<LI><a href="#[8c]">&gt;&gt;</a>&nbsp;&nbsp;&nbsp;HAL_MspInit
<LI><a href="#[8a]">&gt;&gt;</a>&nbsp;&nbsp;&nbsp;HAL_NVIC_SetPriorityGrouping
</UL>
<BR>[Called By]<UL><LI><a href="#[44]">&gt;&gt;</a>&nbsp;&nbsp;&nbsp;main
</UL>

<P><STRONG><a name="[8b]"></a>HAL_InitTick</STRONG> (Thumb, 118 bytes, Stack size 40 bytes, stm32f1xx_hal_timebase_tim.o(i.HAL_InitTick))
<BR><BR>[Stack]<UL><LI>Max Depth = 72<LI>Call Chain = HAL_InitTick &rArr; HAL_TIM_Base_Init &rArr; HAL_TIM_Base_MspInit &rArr; HAL_NVIC_SetPriority
</UL>
<BR>[Calls]<UL><LI><a href="#[8e]">&gt;&gt;</a>&nbsp;&nbsp;&nbsp;HAL_RCC_GetPCLK2Freq
<LI><a href="#[8d]">&gt;&gt;</a>&nbsp;&nbsp;&nbsp;HAL_RCC_GetClockConfig
<LI><a href="#[8f]">&gt;&gt;</a>&nbsp;&nbsp;&nbsp;HAL_TIM_Base_Init
<LI><a href="#[82]">&gt;&gt;</a>&nbsp;&nbsp;&nbsp;HAL_NVIC_SetPriority
<LI><a href="#[83]">&gt;&gt;</a>&nbsp;&nbsp;&nbsp;HAL_NVIC_EnableIRQ
<LI><a href="#[90]">&gt;&gt;</a>&nbsp;&nbsp;&nbsp;HAL_TIM_Base_Start_IT
</UL>
<BR>[Called By]<UL><LI><a href="#[92]">&gt;&gt;</a>&nbsp;&nbsp;&nbsp;HAL_RCC_ClockConfig
<LI><a href="#[89]">&gt;&gt;</a>&nbsp;&nbsp;&nbsp;HAL_Init
</UL>

<P><STRONG><a name="[8c]"></a>HAL_MspInit</STRONG> (Thumb, 62 bytes, Stack size 8 bytes, stm32f1xx_hal_msp.o(i.HAL_MspInit))
<BR><BR>[Stack]<UL><LI>Max Depth = 24<LI>Call Chain = HAL_MspInit &rArr; HAL_NVIC_SetPriority
</UL>
<BR>[Calls]<UL><LI><a href="#[82]">&gt;&gt;</a>&nbsp;&nbsp;&nbsp;HAL_NVIC_SetPriority
</UL>
<BR>[Called By]<UL><LI><a href="#[89]">&gt;&gt;</a>&nbsp;&nbsp;&nbsp;HAL_Init
</UL>

<P><STRONG><a name="[83]"></a>HAL_NVIC_EnableIRQ</STRONG> (Thumb, 26 bytes, Stack size 0 bytes, stm32f1xx_hal_cortex.o(i.HAL_NVIC_EnableIRQ))
<BR><BR>[Called By]<UL><LI><a href="#[8b]">&gt;&gt;</a>&nbsp;&nbsp;&nbsp;HAL_InitTick
<LI><a href="#[98]">&gt;&gt;</a>&nbsp;&nbsp;&nbsp;HAL_TIM_Base_MspInit
<LI><a href="#[7f]">&gt;&gt;</a>&nbsp;&nbsp;&nbsp;HAL_CAN_MspInit
</UL>

<P><STRONG><a name="[82]"></a>HAL_NVIC_SetPriority</STRONG> (Thumb, 60 bytes, Stack size 16 bytes, stm32f1xx_hal_cortex.o(i.HAL_NVIC_SetPriority))
<BR><BR>[Stack]<UL><LI>Max Depth = 16<LI>Call Chain = HAL_NVIC_SetPriority
</UL>
<BR>[Calls]<UL><LI><a href="#[91]">&gt;&gt;</a>&nbsp;&nbsp;&nbsp;__NVIC_SetPriority
</UL>
<BR>[Called By]<UL><LI><a href="#[8b]">&gt;&gt;</a>&nbsp;&nbsp;&nbsp;HAL_InitTick
<LI><a href="#[8c]">&gt;&gt;</a>&nbsp;&nbsp;&nbsp;HAL_MspInit
<LI><a href="#[98]">&gt;&gt;</a>&nbsp;&nbsp;&nbsp;HAL_TIM_Base_MspInit
<LI><a href="#[7f]">&gt;&gt;</a>&nbsp;&nbsp;&nbsp;HAL_CAN_MspInit
</UL>

<P><STRONG><a name="[8a]"></a>HAL_NVIC_SetPriorityGrouping</STRONG> (Thumb, 26 bytes, Stack size 0 bytes, stm32f1xx_hal_cortex.o(i.HAL_NVIC_SetPriorityGrouping))
<BR><BR>[Called By]<UL><LI><a href="#[89]">&gt;&gt;</a>&nbsp;&nbsp;&nbsp;HAL_Init
</UL>

<P><STRONG><a name="[92]"></a>HAL_RCC_ClockConfig</STRONG> (Thumb, 318 bytes, Stack size 32 bytes, stm32f1xx_hal_rcc.o(i.HAL_RCC_ClockConfig))
<BR><BR>[Stack]<UL><LI>Max Depth = 104<LI>Call Chain = HAL_RCC_ClockConfig &rArr; HAL_InitTick &rArr; HAL_TIM_Base_Init &rArr; HAL_TIM_Base_MspInit &rArr; HAL_NVIC_SetPriority
</UL>
<BR>[Calls]<UL><LI><a href="#[8b]">&gt;&gt;</a>&nbsp;&nbsp;&nbsp;HAL_InitTick
<LI><a href="#[93]">&gt;&gt;</a>&nbsp;&nbsp;&nbsp;HAL_RCC_GetSysClockFreq
<LI><a href="#[80]">&gt;&gt;</a>&nbsp;&nbsp;&nbsp;HAL_GetTick
</UL>
<BR>[Called By]<UL><LI><a href="#[c7]">&gt;&gt;</a>&nbsp;&nbsp;&nbsp;SystemClock_Config
</UL>

<P><STRONG><a name="[8d]"></a>HAL_RCC_GetClockConfig</STRONG> (Thumb, 52 bytes, Stack size 0 bytes, stm32f1xx_hal_rcc.o(i.HAL_RCC_GetClockConfig))
<BR><BR>[Called By]<UL><LI><a href="#[8b]">&gt;&gt;</a>&nbsp;&nbsp;&nbsp;HAL_InitTick
</UL>

<P><STRONG><a name="[95]"></a>HAL_RCC_GetHCLKFreq</STRONG> (Thumb, 6 bytes, Stack size 0 bytes, stm32f1xx_hal_rcc.o(i.HAL_RCC_GetHCLKFreq))
<BR><BR>[Called By]<UL><LI><a href="#[8e]">&gt;&gt;</a>&nbsp;&nbsp;&nbsp;HAL_RCC_GetPCLK2Freq
<LI><a href="#[94]">&gt;&gt;</a>&nbsp;&nbsp;&nbsp;HAL_RCC_GetPCLK1Freq
</UL>

<P><STRONG><a name="[94]"></a>HAL_RCC_GetPCLK1Freq</STRONG> (Thumb, 22 bytes, Stack size 4 bytes, stm32f1xx_hal_rcc.o(i.HAL_RCC_GetPCLK1Freq))
<BR><BR>[Stack]<UL><LI>Max Depth = 4<LI>Call Chain = HAL_RCC_GetPCLK1Freq
</UL>
<BR>[Calls]<UL><LI><a href="#[95]">&gt;&gt;</a>&nbsp;&nbsp;&nbsp;HAL_RCC_GetHCLKFreq
</UL>
<BR>[Called By]<UL><LI><a href="#[ab]">&gt;&gt;</a>&nbsp;&nbsp;&nbsp;UART_SetConfig
</UL>

<P><STRONG><a name="[8e]"></a>HAL_RCC_GetPCLK2Freq</STRONG> (Thumb, 22 bytes, Stack size 4 bytes, stm32f1xx_hal_rcc.o(i.HAL_RCC_GetPCLK2Freq))
<BR><BR>[Stack]<UL><LI>Max Depth = 4<LI>Call Chain = HAL_RCC_GetPCLK2Freq
</UL>
<BR>[Calls]<UL><LI><a href="#[95]">&gt;&gt;</a>&nbsp;&nbsp;&nbsp;HAL_RCC_GetHCLKFreq
</UL>
<BR>[Called By]<UL><LI><a href="#[8b]">&gt;&gt;</a>&nbsp;&nbsp;&nbsp;HAL_InitTick
<LI><a href="#[ab]">&gt;&gt;</a>&nbsp;&nbsp;&nbsp;UART_SetConfig
</UL>

<P><STRONG><a name="[93]"></a>HAL_RCC_GetSysClockFreq</STRONG> (Thumb, 58 bytes, Stack size 0 bytes, stm32f1xx_hal_rcc.o(i.HAL_RCC_GetSysClockFreq))
<BR><BR>[Called By]<UL><LI><a href="#[92]">&gt;&gt;</a>&nbsp;&nbsp;&nbsp;HAL_RCC_ClockConfig
</UL>

<P><STRONG><a name="[96]"></a>HAL_RCC_OscConfig</STRONG> (Thumb, 882 bytes, Stack size 40 bytes, stm32f1xx_hal_rcc.o(i.HAL_RCC_OscConfig))
<BR><BR>[Stack]<UL><LI>Max Depth = 48<LI>Call Chain = HAL_RCC_OscConfig &rArr; RCC_Delay
</UL>
<BR>[Calls]<UL><LI><a href="#[97]">&gt;&gt;</a>&nbsp;&nbsp;&nbsp;RCC_Delay
<LI><a href="#[80]">&gt;&gt;</a>&nbsp;&nbsp;&nbsp;HAL_GetTick
</UL>
<BR>[Called By]<UL><LI><a href="#[c7]">&gt;&gt;</a>&nbsp;&nbsp;&nbsp;SystemClock_Config
</UL>

<P><STRONG><a name="[a4]"></a>HAL_TIMEx_BreakCallback</STRONG> (Thumb, 2 bytes, Stack size 0 bytes, stm32f1xx_hal_tim_ex.o(i.HAL_TIMEx_BreakCallback))
<BR><BR>[Called By]<UL><LI><a href="#[9f]">&gt;&gt;</a>&nbsp;&nbsp;&nbsp;HAL_TIM_IRQHandler
</UL>

<P><STRONG><a name="[a6]"></a>HAL_TIMEx_CommutCallback</STRONG> (Thumb, 2 bytes, Stack size 0 bytes, stm32f1xx_hal_tim_ex.o(i.HAL_TIMEx_CommutCallback))
<BR><BR>[Called By]<UL><LI><a href="#[9f]">&gt;&gt;</a>&nbsp;&nbsp;&nbsp;HAL_TIM_IRQHandler
</UL>

<P><STRONG><a name="[b4]"></a>HAL_TIMEx_MasterConfigSynchronization</STRONG> (Thumb, 90 bytes, Stack size 16 bytes, stm32f1xx_hal_tim_ex.o(i.HAL_TIMEx_MasterConfigSynchronization))
<BR><BR>[Stack]<UL><LI>Max Depth = 16<LI>Call Chain = HAL_TIMEx_MasterConfigSynchronization
</UL>
<BR>[Called By]<UL><LI><a href="#[b3]">&gt;&gt;</a>&nbsp;&nbsp;&nbsp;MX_TIM3_Init
</UL>

<P><STRONG><a name="[8f]"></a>HAL_TIM_Base_Init</STRONG> (Thumb, 74 bytes, Stack size 8 bytes, stm32f1xx_hal_tim.o(i.HAL_TIM_Base_Init))
<BR><BR>[Stack]<UL><LI>Max Depth = 32<LI>Call Chain = HAL_TIM_Base_Init &rArr; HAL_TIM_Base_MspInit &rArr; HAL_NVIC_SetPriority
</UL>
<BR>[Calls]<UL><LI><a href="#[98]">&gt;&gt;</a>&nbsp;&nbsp;&nbsp;HAL_TIM_Base_MspInit
<LI><a href="#[99]">&gt;&gt;</a>&nbsp;&nbsp;&nbsp;TIM_Base_SetConfig
</UL>
<BR>[Called By]<UL><LI><a href="#[8b]">&gt;&gt;</a>&nbsp;&nbsp;&nbsp;HAL_InitTick
<LI><a href="#[b3]">&gt;&gt;</a>&nbsp;&nbsp;&nbsp;MX_TIM3_Init
</UL>

<P><STRONG><a name="[98]"></a>HAL_TIM_Base_MspInit</STRONG> (Thumb, 50 bytes, Stack size 8 bytes, tim.o(i.HAL_TIM_Base_MspInit))
<BR><BR>[Stack]<UL><LI>Max Depth = 24<LI>Call Chain = HAL_TIM_Base_MspInit &rArr; HAL_NVIC_SetPriority
</UL>
<BR>[Calls]<UL><LI><a href="#[82]">&gt;&gt;</a>&nbsp;&nbsp;&nbsp;HAL_NVIC_SetPriority
<LI><a href="#[83]">&gt;&gt;</a>&nbsp;&nbsp;&nbsp;HAL_NVIC_EnableIRQ
</UL>
<BR>[Called By]<UL><LI><a href="#[8f]">&gt;&gt;</a>&nbsp;&nbsp;&nbsp;HAL_TIM_Base_Init
</UL>

<P><STRONG><a name="[90]"></a>HAL_TIM_Base_Start_IT</STRONG> (Thumb, 86 bytes, Stack size 0 bytes, stm32f1xx_hal_tim.o(i.HAL_TIM_Base_Start_IT))
<BR><BR>[Called By]<UL><LI><a href="#[8b]">&gt;&gt;</a>&nbsp;&nbsp;&nbsp;HAL_InitTick
<LI><a href="#[49]">&gt;&gt;</a>&nbsp;&nbsp;&nbsp;Task_CANOpen
</UL>

<P><STRONG><a name="[9a]"></a>HAL_TIM_ConfigClockSource</STRONG> (Thumb, 232 bytes, Stack size 16 bytes, stm32f1xx_hal_tim.o(i.HAL_TIM_ConfigClockSource))
<BR><BR>[Stack]<UL><LI>Max Depth = 24<LI>Call Chain = HAL_TIM_ConfigClockSource &rArr; TIM_TI2_ConfigInputStage
</UL>
<BR>[Calls]<UL><LI><a href="#[9e]">&gt;&gt;</a>&nbsp;&nbsp;&nbsp;TIM_TI2_ConfigInputStage
<LI><a href="#[9c]">&gt;&gt;</a>&nbsp;&nbsp;&nbsp;TIM_TI1_ConfigInputStage
<LI><a href="#[9d]">&gt;&gt;</a>&nbsp;&nbsp;&nbsp;TIM_ITRx_SetConfig
<LI><a href="#[9b]">&gt;&gt;</a>&nbsp;&nbsp;&nbsp;TIM_ETR_SetConfig
</UL>
<BR>[Called By]<UL><LI><a href="#[b3]">&gt;&gt;</a>&nbsp;&nbsp;&nbsp;MX_TIM3_Init
</UL>

<P><STRONG><a name="[a0]"></a>HAL_TIM_IC_CaptureCallback</STRONG> (Thumb, 2 bytes, Stack size 0 bytes, stm32f1xx_hal_tim.o(i.HAL_TIM_IC_CaptureCallback))
<BR><BR>[Called By]<UL><LI><a href="#[9f]">&gt;&gt;</a>&nbsp;&nbsp;&nbsp;HAL_TIM_IRQHandler
</UL>

<P><STRONG><a name="[9f]"></a>HAL_TIM_IRQHandler</STRONG> (Thumb, 366 bytes, Stack size 16 bytes, stm32f1xx_hal_tim.o(i.HAL_TIM_IRQHandler))
<BR><BR>[Stack]<UL><LI>Max Depth = 48<LI>Call Chain = HAL_TIM_IRQHandler &rArr; HAL_TIM_PeriodElapsedCallback &rArr; TIMx_DispatchFromISR &rArr; TimeDispatch
</UL>
<BR>[Calls]<UL><LI><a href="#[a3]">&gt;&gt;</a>&nbsp;&nbsp;&nbsp;HAL_TIM_PeriodElapsedCallback
<LI><a href="#[a5]">&gt;&gt;</a>&nbsp;&nbsp;&nbsp;HAL_TIM_TriggerCallback
<LI><a href="#[a2]">&gt;&gt;</a>&nbsp;&nbsp;&nbsp;HAL_TIM_PWM_PulseFinishedCallback
<LI><a href="#[a1]">&gt;&gt;</a>&nbsp;&nbsp;&nbsp;HAL_TIM_OC_DelayElapsedCallback
<LI><a href="#[a0]">&gt;&gt;</a>&nbsp;&nbsp;&nbsp;HAL_TIM_IC_CaptureCallback
<LI><a href="#[a6]">&gt;&gt;</a>&nbsp;&nbsp;&nbsp;HAL_TIMEx_CommutCallback
<LI><a href="#[a4]">&gt;&gt;</a>&nbsp;&nbsp;&nbsp;HAL_TIMEx_BreakCallback
</UL>
<BR>[Called By]<UL><LI><a href="#[36]">&gt;&gt;</a>&nbsp;&nbsp;&nbsp;TIM3_IRQHandler
<LI><a href="#[32]">&gt;&gt;</a>&nbsp;&nbsp;&nbsp;TIM1_UP_IRQHandler
</UL>

<P><STRONG><a name="[a1]"></a>HAL_TIM_OC_DelayElapsedCallback</STRONG> (Thumb, 2 bytes, Stack size 0 bytes, stm32f1xx_hal_tim.o(i.HAL_TIM_OC_DelayElapsedCallback))
<BR><BR>[Called By]<UL><LI><a href="#[9f]">&gt;&gt;</a>&nbsp;&nbsp;&nbsp;HAL_TIM_IRQHandler
</UL>

<P><STRONG><a name="[a2]"></a>HAL_TIM_PWM_PulseFinishedCallback</STRONG> (Thumb, 2 bytes, Stack size 0 bytes, stm32f1xx_hal_tim.o(i.HAL_TIM_PWM_PulseFinishedCallback))
<BR><BR>[Called By]<UL><LI><a href="#[9f]">&gt;&gt;</a>&nbsp;&nbsp;&nbsp;HAL_TIM_IRQHandler
</UL>

<P><STRONG><a name="[a3]"></a>HAL_TIM_PeriodElapsedCallback</STRONG> (Thumb, 34 bytes, Stack size 8 bytes, main.o(i.HAL_TIM_PeriodElapsedCallback))
<BR><BR>[Stack]<UL><LI>Max Depth = 32<LI>Call Chain = HAL_TIM_PeriodElapsedCallback &rArr; TIMx_DispatchFromISR &rArr; TimeDispatch
</UL>
<BR>[Calls]<UL><LI><a href="#[a8]">&gt;&gt;</a>&nbsp;&nbsp;&nbsp;TIMx_DispatchFromISR
<LI><a href="#[a7]">&gt;&gt;</a>&nbsp;&nbsp;&nbsp;HAL_IncTick
</UL>
<BR>[Called By]<UL><LI><a href="#[9f]">&gt;&gt;</a>&nbsp;&nbsp;&nbsp;HAL_TIM_IRQHandler
</UL>

<P><STRONG><a name="[a5]"></a>HAL_TIM_TriggerCallback</STRONG> (Thumb, 2 bytes, Stack size 0 bytes, stm32f1xx_hal_tim.o(i.HAL_TIM_TriggerCallback))
<BR><BR>[Called By]<UL><LI><a href="#[9f]">&gt;&gt;</a>&nbsp;&nbsp;&nbsp;HAL_TIM_IRQHandler
</UL>

<P><STRONG><a name="[a9]"></a>HAL_UART_Init</STRONG> (Thumb, 102 bytes, Stack size 16 bytes, stm32f1xx_hal_uart.o(i.HAL_UART_Init))
<BR><BR>[Stack]<UL><LI>Max Depth = 88<LI>Call Chain = HAL_UART_Init &rArr; HAL_UART_MspInit &rArr; HAL_GPIO_Init
</UL>
<BR>[Calls]<UL><LI><a href="#[aa]">&gt;&gt;</a>&nbsp;&nbsp;&nbsp;HAL_UART_MspInit
<LI><a href="#[ab]">&gt;&gt;</a>&nbsp;&nbsp;&nbsp;UART_SetConfig
</UL>
<BR>[Called By]<UL><LI><a href="#[b5]">&gt;&gt;</a>&nbsp;&nbsp;&nbsp;MX_USART1_UART_Init
</UL>

<P><STRONG><a name="[aa]"></a>HAL_UART_MspInit</STRONG> (Thumb, 100 bytes, Stack size 32 bytes, usart.o(i.HAL_UART_MspInit))
<BR><BR>[Stack]<UL><LI>Max Depth = 72<LI>Call Chain = HAL_UART_MspInit &rArr; HAL_GPIO_Init
</UL>
<BR>[Calls]<UL><LI><a href="#[81]">&gt;&gt;</a>&nbsp;&nbsp;&nbsp;HAL_GPIO_Init
</UL>
<BR>[Called By]<UL><LI><a href="#[a9]">&gt;&gt;</a>&nbsp;&nbsp;&nbsp;HAL_UART_Init
</UL>

<P><STRONG><a name="[11]"></a>HardFault_Handler</STRONG> (Thumb, 2 bytes, Stack size 0 bytes, stm32f1xx_it.o(i.HardFault_Handler))
<BR><BR>[Calls]<UL><LI><a href="#[11]">&gt;&gt;</a>&nbsp;&nbsp;&nbsp;HardFault_Handler
</UL>
<BR>[Called By]<UL><LI><a href="#[11]">&gt;&gt;</a>&nbsp;&nbsp;&nbsp;HardFault_Handler
</UL>
<BR>[Address Reference Count : 1]<UL><LI> startup_stm32f103xb.o(RESET)
</UL>
<P><STRONG><a name="[ac]"></a>MX_CAN_Init</STRONG> (Thumb, 124 bytes, Stack size 48 bytes, can.o(i.MX_CAN_Init))
<BR><BR>[Stack]<UL><LI>Max Depth = 136<LI>Call Chain = MX_CAN_Init &rArr; HAL_CAN_Init &rArr; HAL_CAN_MspInit &rArr; HAL_GPIO_Init
</UL>
<BR>[Calls]<UL><LI><a href="#[88]">&gt;&gt;</a>&nbsp;&nbsp;&nbsp;HAL_CAN_Start
<LI><a href="#[7e]">&gt;&gt;</a>&nbsp;&nbsp;&nbsp;HAL_CAN_Init
<LI><a href="#[ad]">&gt;&gt;</a>&nbsp;&nbsp;&nbsp;HAL_CAN_ConfigFilter
<LI><a href="#[86]">&gt;&gt;</a>&nbsp;&nbsp;&nbsp;HAL_CAN_ActivateNotification
<LI><a href="#[85]">&gt;&gt;</a>&nbsp;&nbsp;&nbsp;Error_Handler
</UL>
<BR>[Called By]<UL><LI><a href="#[44]">&gt;&gt;</a>&nbsp;&nbsp;&nbsp;main
</UL>

<P><STRONG><a name="[ae]"></a>MX_FREERTOS_Init</STRONG> (Thumb, 88 bytes, Stack size 8 bytes, freertos.o(i.MX_FREERTOS_Init))
<BR><BR>[Stack]<UL><LI>Max Depth = 184<LI>Call Chain = MX_FREERTOS_Init &rArr; osThreadNew &rArr; xTaskCreate &rArr; pvPortMalloc &rArr; xTaskResumeAll &rArr; xTaskIncrementTick
</UL>
<BR>[Calls]<UL><LI><a href="#[b0]">&gt;&gt;</a>&nbsp;&nbsp;&nbsp;osThreadNew
<LI><a href="#[af]">&gt;&gt;</a>&nbsp;&nbsp;&nbsp;osMessageQueueNew
</UL>
<BR>[Called By]<UL><LI><a href="#[44]">&gt;&gt;</a>&nbsp;&nbsp;&nbsp;main
</UL>

<P><STRONG><a name="[b1]"></a>MX_GPIO_Init</STRONG> (Thumb, 168 bytes, Stack size 32 bytes, gpio.o(i.MX_GPIO_Init))
<BR><BR>[Stack]<UL><LI>Max Depth = 72<LI>Call Chain = MX_GPIO_Init &rArr; HAL_GPIO_Init
</UL>
<BR>[Calls]<UL><LI><a href="#[b2]">&gt;&gt;</a>&nbsp;&nbsp;&nbsp;HAL_GPIO_WritePin
<LI><a href="#[81]">&gt;&gt;</a>&nbsp;&nbsp;&nbsp;HAL_GPIO_Init
</UL>
<BR>[Called By]<UL><LI><a href="#[44]">&gt;&gt;</a>&nbsp;&nbsp;&nbsp;main
</UL>

<P><STRONG><a name="[b3]"></a>MX_TIM3_Init</STRONG> (Thumb, 98 bytes, Stack size 32 bytes, tim.o(i.MX_TIM3_Init))
<BR><BR>[Stack]<UL><LI>Max Depth = 64<LI>Call Chain = MX_TIM3_Init &rArr; HAL_TIM_Base_Init &rArr; HAL_TIM_Base_MspInit &rArr; HAL_NVIC_SetPriority
</UL>
<BR>[Calls]<UL><LI><a href="#[9a]">&gt;&gt;</a>&nbsp;&nbsp;&nbsp;HAL_TIM_ConfigClockSource
<LI><a href="#[8f]">&gt;&gt;</a>&nbsp;&nbsp;&nbsp;HAL_TIM_Base_Init
<LI><a href="#[b4]">&gt;&gt;</a>&nbsp;&nbsp;&nbsp;HAL_TIMEx_MasterConfigSynchronization
<LI><a href="#[85]">&gt;&gt;</a>&nbsp;&nbsp;&nbsp;Error_Handler
</UL>
<BR>[Called By]<UL><LI><a href="#[44]">&gt;&gt;</a>&nbsp;&nbsp;&nbsp;main
</UL>

<P><STRONG><a name="[b5]"></a>MX_USART1_UART_Init</STRONG> (Thumb, 48 bytes, Stack size 8 bytes, usart.o(i.MX_USART1_UART_Init))
<BR><BR>[Stack]<UL><LI>Max Depth = 96<LI>Call Chain = MX_USART1_UART_Init &rArr; HAL_UART_Init &rArr; HAL_UART_MspInit &rArr; HAL_GPIO_Init
</UL>
<BR>[Calls]<UL><LI><a href="#[a9]">&gt;&gt;</a>&nbsp;&nbsp;&nbsp;HAL_UART_Init
<LI><a href="#[85]">&gt;&gt;</a>&nbsp;&nbsp;&nbsp;Error_Handler
</UL>
<BR>[Called By]<UL><LI><a href="#[44]">&gt;&gt;</a>&nbsp;&nbsp;&nbsp;main
</UL>

<P><STRONG><a name="[c]"></a>MasterNode_Sensor_scanIndexOD</STRONG> (Thumb, 646 bytes, Stack size 0 bytes, masternode_sensor.o(i.MasterNode_Sensor_scanIndexOD))
<BR>[Address Reference Count : 1]<UL><LI> masternode_sensor.o(.data)
</UL>
<P><STRONG><a name="[1]"></a>MasterNode_Sensor_valueRangeTest</STRONG> (Thumb, 16 bytes, Stack size 0 bytes, masternode_sensor.o(i.MasterNode_Sensor_valueRangeTest))
<BR>[Address Reference Count : 1]<UL><LI> masternode_sensor.o(.data)
</UL>
<P><STRONG><a name="[12]"></a>MemManage_Handler</STRONG> (Thumb, 2 bytes, Stack size 0 bytes, stm32f1xx_it.o(i.MemManage_Handler))
<BR><BR>[Calls]<UL><LI><a href="#[12]">&gt;&gt;</a>&nbsp;&nbsp;&nbsp;MemManage_Handler
</UL>
<BR>[Called By]<UL><LI><a href="#[12]">&gt;&gt;</a>&nbsp;&nbsp;&nbsp;MemManage_Handler
</UL>
<BR>[Address Reference Count : 1]<UL><LI> startup_stm32f103xb.o(RESET)
</UL>
<P><STRONG><a name="[10]"></a>NMI_Handler</STRONG> (Thumb, 2 bytes, Stack size 0 bytes, stm32f1xx_it.o(i.NMI_Handler))
<BR><BR>[Calls]<UL><LI><a href="#[10]">&gt;&gt;</a>&nbsp;&nbsp;&nbsp;NMI_Handler
</UL>
<BR>[Called By]<UL><LI><a href="#[10]">&gt;&gt;</a>&nbsp;&nbsp;&nbsp;NMI_Handler
</UL>
<BR>[Address Reference Count : 1]<UL><LI> startup_stm32f103xb.o(RESET)
</UL>
<P><STRONG><a name="[57]"></a>OnCOB_ID_SyncUpdate</STRONG> (Thumb, 10 bytes, Stack size 8 bytes, sync.o(i.OnCOB_ID_SyncUpdate))
<BR><BR>[Stack]<UL><LI>Max Depth = 64<LI>Call Chain = OnCOB_ID_SyncUpdate &rArr; startSYNC &rArr; SetAlarm
</UL>
<BR>[Calls]<UL><LI><a href="#[b6]">&gt;&gt;</a>&nbsp;&nbsp;&nbsp;startSYNC
</UL>
<BR>[Address Reference Count : 1]<UL><LI> sync.o(i.startSYNC)
</UL>
<P><STRONG><a name="[4f]"></a>OnHeartbeatProducerUpdate</STRONG> (Thumb, 50 bytes, Stack size 16 bytes, lifegrd.o(i.OnHeartbeatProducerUpdate))
<BR><BR>[Stack]<UL><LI>Max Depth = 56<LI>Call Chain = OnHeartbeatProducerUpdate &rArr; SetAlarm
</UL>
<BR>[Calls]<UL><LI><a href="#[b7]">&gt;&gt;</a>&nbsp;&nbsp;&nbsp;SetAlarm
<LI><a href="#[6f]">&gt;&gt;</a>&nbsp;&nbsp;&nbsp;DelAlarm
</UL>
<BR>[Address Reference Count : 1]<UL><LI> lifegrd.o(i.heartbeatInit)
</UL>
<P><STRONG><a name="[52]"></a>OnNodeGuardUpdate</STRONG> (Thumb, 20 bytes, Stack size 8 bytes, lifegrd.o(i.OnNodeGuardUpdate))
<BR><BR>[Stack]<UL><LI>Max Depth = 64<LI>Call Chain = OnNodeGuardUpdate &rArr; nodeguardInit &rArr; SetAlarm
</UL>
<BR>[Calls]<UL><LI><a href="#[b8]">&gt;&gt;</a>&nbsp;&nbsp;&nbsp;nodeguardStop
<LI><a href="#[b9]">&gt;&gt;</a>&nbsp;&nbsp;&nbsp;nodeguardInit
</UL>
<BR>[Address Reference Count : 1]<UL><LI> lifegrd.o(i.nodeguardInit)
</UL>
<P><STRONG><a name="[4e]"></a>OnNumberOfErrorsUpdate</STRONG> (Thumb, 38 bytes, Stack size 0 bytes, emcy.o(i.OnNumberOfErrorsUpdate))
<BR>[Address Reference Count : 1]<UL><LI> emcy.o(i.emergencyInit)
</UL>
<P><STRONG><a name="[55]"></a>PDOEventTimerAlarm</STRONG> (Thumb, 40 bytes, Stack size 8 bytes, pdo.o(i.PDOEventTimerAlarm))
<BR><BR>[Stack]<UL><LI>Max Depth = 184<LI>Call Chain = PDOEventTimerAlarm &rArr; sendOnePDOevent &rArr; buildPDO &rArr; _getODentry
</UL>
<BR>[Calls]<UL><LI><a href="#[ba]">&gt;&gt;</a>&nbsp;&nbsp;&nbsp;sendOnePDOevent
</UL>
<BR>[Called By]<UL><LI><a href="#[e4]">&gt;&gt;</a>&nbsp;&nbsp;&nbsp;proceedPDO
<LI><a href="#[4c]">&gt;&gt;</a>&nbsp;&nbsp;&nbsp;TPDO_Communication_Parameter_Callback
</UL>
<BR>[Address Reference Count : 1]<UL><LI> pdo.o(i.sendOnePDOevent)
</UL>
<P><STRONG><a name="[56]"></a>PDOInhibitTimerAlarm</STRONG> (Thumb, 42 bytes, Stack size 8 bytes, pdo.o(i.PDOInhibitTimerAlarm))
<BR><BR>[Stack]<UL><LI>Max Depth = 184<LI>Call Chain = PDOInhibitTimerAlarm &rArr; sendOnePDOevent &rArr; buildPDO &rArr; _getODentry
</UL>
<BR>[Calls]<UL><LI><a href="#[ba]">&gt;&gt;</a>&nbsp;&nbsp;&nbsp;sendOnePDOevent
</UL>
<BR>[Address Reference Count : 1]<UL><LI> pdo.o(i.sendOnePDOevent)
</UL>
<P><STRONG><a name="[bb]"></a>PDOInit</STRONG> (Thumb, 76 bytes, Stack size 24 bytes, pdo.o(i.PDOInit))
<BR><BR>[Stack]<UL><LI>Max Depth = 248<LI>Call Chain = PDOInit &rArr; _sendPDOevent &rArr; sendOnePDOevent &rArr; buildPDO &rArr; _getODentry
</UL>
<BR>[Calls]<UL><LI><a href="#[bc]">&gt;&gt;</a>&nbsp;&nbsp;&nbsp;_sendPDOevent
</UL>
<BR>[Called By]<UL><LI><a href="#[12f]">&gt;&gt;</a>&nbsp;&nbsp;&nbsp;switchCommunicationState
</UL>

<P><STRONG><a name="[bd]"></a>PDOStop</STRONG> (Thumb, 106 bytes, Stack size 32 bytes, pdo.o(i.PDOStop))
<BR><BR>[Stack]<UL><LI>Max Depth = 32<LI>Call Chain = PDOStop
</UL>
<BR>[Calls]<UL><LI><a href="#[6f]">&gt;&gt;</a>&nbsp;&nbsp;&nbsp;DelAlarm
</UL>
<BR>[Called By]<UL><LI><a href="#[12f]">&gt;&gt;</a>&nbsp;&nbsp;&nbsp;switchCommunicationState
</UL>

<P><STRONG><a name="[4b]"></a>ProducerHeartbeatAlarm</STRONG> (Thumb, 70 bytes, Stack size 24 bytes, lifegrd.o(i.ProducerHeartbeatAlarm))
<BR><BR>[Stack]<UL><LI>Max Depth = 136<LI>Call Chain = ProducerHeartbeatAlarm &rArr; canSend &rArr; xQueueGenericSend &rArr; xTaskResumeAll &rArr; xTaskIncrementTick
</UL>
<BR>[Calls]<UL><LI><a href="#[be]">&gt;&gt;</a>&nbsp;&nbsp;&nbsp;canSend
<LI><a href="#[6f]">&gt;&gt;</a>&nbsp;&nbsp;&nbsp;DelAlarm
</UL>
<BR>[Address Reference Count : 2]<UL><LI> lifegrd.o(i.heartbeatInit)
<LI> lifegrd.o(i.OnHeartbeatProducerUpdate)
</UL>
<P><STRONG><a name="[ea]"></a>RegisterSetODentryCallBack</STRONG> (Thumb, 38 bytes, Stack size 24 bytes, objacces.o(i.RegisterSetODentryCallBack))
<BR><BR>[Stack]<UL><LI>Max Depth = 24<LI>Call Chain = RegisterSetODentryCallBack
</UL>
<BR>[Called By]<UL><LI><a href="#[131]">&gt;&gt;</a>&nbsp;&nbsp;&nbsp;stopSYNC
<LI><a href="#[b6]">&gt;&gt;</a>&nbsp;&nbsp;&nbsp;startSYNC
<LI><a href="#[b9]">&gt;&gt;</a>&nbsp;&nbsp;&nbsp;nodeguardInit
<LI><a href="#[ed]">&gt;&gt;</a>&nbsp;&nbsp;&nbsp;heartbeatInit
<LI><a href="#[e9]">&gt;&gt;</a>&nbsp;&nbsp;&nbsp;emergencyInit
</UL>

<P><STRONG><a name="[51]"></a>SDOTimeoutAlarm</STRONG> (Thumb, 124 bytes, Stack size 32 bytes, sdo.o(i.SDOTimeoutAlarm))
<BR><BR>[Stack]<UL><LI>Max Depth = 192<LI>Call Chain = SDOTimeoutAlarm &rArr; sendSDOabort &rArr; sendSDO &rArr; canSend &rArr; xQueueGenericSend &rArr; xTaskResumeAll &rArr; xTaskIncrementTick
</UL>
<BR>[Calls]<UL><LI><a href="#[bf]">&gt;&gt;</a>&nbsp;&nbsp;&nbsp;sendSDOabort
<LI><a href="#[c0]">&gt;&gt;</a>&nbsp;&nbsp;&nbsp;resetSDOline
</UL>
<BR>[Address Reference Count : 2]<UL><LI> sdo.o(i.initSDOline)
<LI> sdo.o(i.proceedSDO)
</UL>
<P><STRONG><a name="[c1]"></a>SDOlineToObjdict</STRONG> (Thumb, 60 bytes, Stack size 24 bytes, sdo.o(i.SDOlineToObjdict))
<BR><BR>[Stack]<UL><LI>Max Depth = 88<LI>Call Chain = SDOlineToObjdict &rArr; _setODentry
</UL>
<BR>[Calls]<UL><LI><a href="#[c2]">&gt;&gt;</a>&nbsp;&nbsp;&nbsp;_setODentry
</UL>
<BR>[Called By]<UL><LI><a href="#[e5]">&gt;&gt;</a>&nbsp;&nbsp;&nbsp;proceedSDO
</UL>

<P><STRONG><a name="[fd]"></a>SDOtoLine</STRONG> (Thumb, 58 bytes, Stack size 16 bytes, sdo.o(i.SDOtoLine))
<BR><BR>[Stack]<UL><LI>Max Depth = 16<LI>Call Chain = SDOtoLine
</UL>
<BR>[Called By]<UL><LI><a href="#[e5]">&gt;&gt;</a>&nbsp;&nbsp;&nbsp;proceedSDO
</UL>

<P><STRONG><a name="[b7]"></a>SetAlarm</STRONG> (Thumb, 138 bytes, Stack size 40 bytes, timer.o(i.SetAlarm))
<BR><BR>[Stack]<UL><LI>Max Depth = 40<LI>Call Chain = SetAlarm
</UL>
<BR>[Calls]<UL><LI><a href="#[c4]">&gt;&gt;</a>&nbsp;&nbsp;&nbsp;setTimer
<LI><a href="#[c3]">&gt;&gt;</a>&nbsp;&nbsp;&nbsp;getElapsedTime
</UL>
<BR>[Called By]<UL><LI><a href="#[b6]">&gt;&gt;</a>&nbsp;&nbsp;&nbsp;startSYNC
<LI><a href="#[e5]">&gt;&gt;</a>&nbsp;&nbsp;&nbsp;proceedSDO
<LI><a href="#[ef]">&gt;&gt;</a>&nbsp;&nbsp;&nbsp;initSDOline
<LI><a href="#[ba]">&gt;&gt;</a>&nbsp;&nbsp;&nbsp;sendOnePDOevent
<LI><a href="#[e4]">&gt;&gt;</a>&nbsp;&nbsp;&nbsp;proceedPDO
<LI><a href="#[e6]">&gt;&gt;</a>&nbsp;&nbsp;&nbsp;proceedNODE_GUARD
<LI><a href="#[b9]">&gt;&gt;</a>&nbsp;&nbsp;&nbsp;nodeguardInit
<LI><a href="#[ed]">&gt;&gt;</a>&nbsp;&nbsp;&nbsp;heartbeatInit
<LI><a href="#[4f]">&gt;&gt;</a>&nbsp;&nbsp;&nbsp;OnHeartbeatProducerUpdate
</UL>

<P><STRONG><a name="[58]"></a>SyncAlarm</STRONG> (Thumb, 4 bytes, Stack size 0 bytes, sync.o(i.SyncAlarm))
<BR><BR>[Stack]<UL><LI>Max Depth = 256<LI>Call Chain = SyncAlarm &rArr; sendSYNC &rArr; proceedSYNC &rArr; _sendPDOevent &rArr; sendOnePDOevent &rArr; buildPDO &rArr; _getODentry
</UL>
<BR>[Calls]<UL><LI><a href="#[c5]">&gt;&gt;</a>&nbsp;&nbsp;&nbsp;sendSYNC
</UL>
<BR>[Address Reference Count : 1]<UL><LI> sync.o(i.startSYNC)
</UL>
<P><STRONG><a name="[18]"></a>SysTick_Handler</STRONG> (Thumb, 38 bytes, Stack size 8 bytes, port.o(i.SysTick_Handler))
<BR><BR>[Stack]<UL><LI>Max Depth = 32<LI>Call Chain = SysTick_Handler &rArr; xTaskIncrementTick
</UL>
<BR>[Calls]<UL><LI><a href="#[c6]">&gt;&gt;</a>&nbsp;&nbsp;&nbsp;xTaskIncrementTick
</UL>
<BR>[Address Reference Count : 1]<UL><LI> startup_stm32f103xb.o(RESET)
</UL>
<P><STRONG><a name="[c7]"></a>SystemClock_Config</STRONG> (Thumb, 94 bytes, Stack size 72 bytes, main.o(i.SystemClock_Config))
<BR><BR>[Stack]<UL><LI>Max Depth = 176<LI>Call Chain = SystemClock_Config &rArr; HAL_RCC_ClockConfig &rArr; HAL_InitTick &rArr; HAL_TIM_Base_Init &rArr; HAL_TIM_Base_MspInit &rArr; HAL_NVIC_SetPriority
</UL>
<BR>[Calls]<UL><LI><a href="#[96]">&gt;&gt;</a>&nbsp;&nbsp;&nbsp;HAL_RCC_OscConfig
<LI><a href="#[92]">&gt;&gt;</a>&nbsp;&nbsp;&nbsp;HAL_RCC_ClockConfig
<LI><a href="#[85]">&gt;&gt;</a>&nbsp;&nbsp;&nbsp;Error_Handler
<LI><a href="#[c8]">&gt;&gt;</a>&nbsp;&nbsp;&nbsp;__aeabi_memclr4
</UL>
<BR>[Called By]<UL><LI><a href="#[44]">&gt;&gt;</a>&nbsp;&nbsp;&nbsp;main
</UL>

<P><STRONG><a name="[45]"></a>SystemInit</STRONG> (Thumb, 2 bytes, Stack size 0 bytes, system_stm32f1xx.o(i.SystemInit))
<BR>[Address Reference Count : 1]<UL><LI> startup_stm32f103xb.o(.text)
</UL>
<P><STRONG><a name="[32]"></a>TIM1_UP_IRQHandler</STRONG> (Thumb, 6 bytes, Stack size 0 bytes, stm32f1xx_it.o(i.TIM1_UP_IRQHandler))
<BR><BR>[Stack]<UL><LI>Max Depth = 48<LI>Call Chain = TIM1_UP_IRQHandler &rArr; HAL_TIM_IRQHandler &rArr; HAL_TIM_PeriodElapsedCallback &rArr; TIMx_DispatchFromISR &rArr; TimeDispatch
</UL>
<BR>[Calls]<UL><LI><a href="#[9f]">&gt;&gt;</a>&nbsp;&nbsp;&nbsp;HAL_TIM_IRQHandler
</UL>
<BR>[Address Reference Count : 1]<UL><LI> startup_stm32f103xb.o(RESET)
</UL>
<P><STRONG><a name="[36]"></a>TIM3_IRQHandler</STRONG> (Thumb, 6 bytes, Stack size 0 bytes, stm32f1xx_it.o(i.TIM3_IRQHandler))
<BR><BR>[Stack]<UL><LI>Max Depth = 48<LI>Call Chain = TIM3_IRQHandler &rArr; HAL_TIM_IRQHandler &rArr; HAL_TIM_PeriodElapsedCallback &rArr; TIMx_DispatchFromISR &rArr; TimeDispatch
</UL>
<BR>[Calls]<UL><LI><a href="#[9f]">&gt;&gt;</a>&nbsp;&nbsp;&nbsp;HAL_TIM_IRQHandler
</UL>
<BR>[Address Reference Count : 1]<UL><LI> startup_stm32f103xb.o(RESET)
</UL>
<P><STRONG><a name="[99]"></a>TIM_Base_SetConfig</STRONG> (Thumb, 94 bytes, Stack size 20 bytes, stm32f1xx_hal_tim.o(i.TIM_Base_SetConfig))
<BR><BR>[Stack]<UL><LI>Max Depth = 20<LI>Call Chain = TIM_Base_SetConfig
</UL>
<BR>[Called By]<UL><LI><a href="#[8f]">&gt;&gt;</a>&nbsp;&nbsp;&nbsp;HAL_TIM_Base_Init
</UL>

<P><STRONG><a name="[9b]"></a>TIM_ETR_SetConfig</STRONG> (Thumb, 20 bytes, Stack size 8 bytes, stm32f1xx_hal_tim.o(i.TIM_ETR_SetConfig))
<BR><BR>[Stack]<UL><LI>Max Depth = 8<LI>Call Chain = TIM_ETR_SetConfig
</UL>
<BR>[Called By]<UL><LI><a href="#[9a]">&gt;&gt;</a>&nbsp;&nbsp;&nbsp;HAL_TIM_ConfigClockSource
</UL>

<P><STRONG><a name="[a8]"></a>TIMx_DispatchFromISR</STRONG> (Thumb, 12 bytes, Stack size 0 bytes, freertos.o(i.TIMx_DispatchFromISR))
<BR><BR>[Stack]<UL><LI>Max Depth = 24<LI>Call Chain = TIMx_DispatchFromISR &rArr; TimeDispatch
</UL>
<BR>[Calls]<UL><LI><a href="#[c9]">&gt;&gt;</a>&nbsp;&nbsp;&nbsp;TimeDispatch
</UL>
<BR>[Called By]<UL><LI><a href="#[a3]">&gt;&gt;</a>&nbsp;&nbsp;&nbsp;HAL_TIM_PeriodElapsedCallback
</UL>

<P><STRONG><a name="[4c]"></a>TPDO_Communication_Parameter_Callback</STRONG> (Thumb, 108 bytes, Stack size 24 bytes, pdo.o(i.TPDO_Communication_Parameter_Callback))
<BR><BR>[Stack]<UL><LI>Max Depth = 208<LI>Call Chain = TPDO_Communication_Parameter_Callback &rArr; PDOEventTimerAlarm &rArr; sendOnePDOevent &rArr; buildPDO &rArr; _getODentry
</UL>
<BR>[Calls]<UL><LI><a href="#[55]">&gt;&gt;</a>&nbsp;&nbsp;&nbsp;PDOEventTimerAlarm
<LI><a href="#[6f]">&gt;&gt;</a>&nbsp;&nbsp;&nbsp;DelAlarm
</UL>
<BR>[Address Reference Count : 1]<UL><LI> pdo.o(i.PDOInit)
</UL>
<P><STRONG><a name="[49]"></a>Task_CANOpen</STRONG> (Thumb, 108 bytes, Stack size 0 bytes, freertos.o(i.Task_CANOpen))
<BR><BR>[Stack]<UL><LI>Max Depth = 296<LI>Call Chain = Task_CANOpen &rArr; setState &rArr; switchCommunicationState &rArr; PDOInit &rArr; _sendPDOevent &rArr; sendOnePDOevent &rArr; buildPDO &rArr; _getODentry
</UL>
<BR>[Calls]<UL><LI><a href="#[cb]">&gt;&gt;</a>&nbsp;&nbsp;&nbsp;setState
<LI><a href="#[ca]">&gt;&gt;</a>&nbsp;&nbsp;&nbsp;setNodeId
<LI><a href="#[cc]">&gt;&gt;</a>&nbsp;&nbsp;&nbsp;osDelay
<LI><a href="#[cd]">&gt;&gt;</a>&nbsp;&nbsp;&nbsp;masterSendNMTstateChange
<LI><a href="#[90]">&gt;&gt;</a>&nbsp;&nbsp;&nbsp;HAL_TIM_Base_Start_IT
<LI><a href="#[ce]">&gt;&gt;</a>&nbsp;&nbsp;&nbsp;HAL_GPIO_TogglePin
</UL>
<BR>[Address Reference Count : 1]<UL><LI> freertos.o(i.MX_FREERTOS_Init)
</UL>
<P><STRONG><a name="[48]"></a>Task_CanRev</STRONG> (Thumb, 84 bytes, Stack size 0 bytes, freertos.o(i.Task_CanRev))
<BR><BR>[Stack]<UL><LI>Max Depth = 320<LI>Call Chain = Task_CanRev &rArr; canDispatch &rArr; proceedNMTstateChange &rArr; setState &rArr; switchCommunicationState &rArr; PDOInit &rArr; _sendPDOevent &rArr; sendOnePDOevent &rArr; buildPDO &rArr; _getODentry
</UL>
<BR>[Calls]<UL><LI><a href="#[cf]">&gt;&gt;</a>&nbsp;&nbsp;&nbsp;xQueueReceive
<LI><a href="#[cc]">&gt;&gt;</a>&nbsp;&nbsp;&nbsp;osDelay
<LI><a href="#[d0]">&gt;&gt;</a>&nbsp;&nbsp;&nbsp;canDispatch
</UL>
<BR>[Address Reference Count : 1]<UL><LI> freertos.o(i.MX_FREERTOS_Init)
</UL>
<P><STRONG><a name="[47]"></a>Task_CanSen</STRONG> (Thumb, 54 bytes, Stack size 0 bytes, freertos.o(i.Task_CanSen))
<BR><BR>[Stack]<UL><LI>Max Depth = 104<LI>Call Chain = Task_CanSen &rArr; xQueueReceive &rArr; xTaskResumeAll &rArr; xTaskIncrementTick
</UL>
<BR>[Calls]<UL><LI><a href="#[cf]">&gt;&gt;</a>&nbsp;&nbsp;&nbsp;xQueueReceive
<LI><a href="#[cc]">&gt;&gt;</a>&nbsp;&nbsp;&nbsp;osDelay
<LI><a href="#[d2]">&gt;&gt;</a>&nbsp;&nbsp;&nbsp;HAL_CAN_GetTxMailboxesFreeLevel
<LI><a href="#[d1]">&gt;&gt;</a>&nbsp;&nbsp;&nbsp;HAL_CAN_AddTxMessage
</UL>
<BR>[Address Reference Count : 1]<UL><LI> freertos.o(i.MX_FREERTOS_Init)
</UL>
<P><STRONG><a name="[4a]"></a>Task_DpUART</STRONG> (Thumb, 72 bytes, Stack size 16 bytes, freertos.o(i.Task_DpUART))
<BR><BR>[Stack]<UL><LI>Max Depth = 80<LI>Call Chain = Task_DpUART &rArr; osDelay &rArr; vTaskDelay &rArr; xTaskResumeAll &rArr; xTaskIncrementTick
</UL>
<BR>[Calls]<UL><LI><a href="#[cc]">&gt;&gt;</a>&nbsp;&nbsp;&nbsp;osDelay
<LI><a href="#[d3]">&gt;&gt;</a>&nbsp;&nbsp;&nbsp;__aeabi_f2d
<LI><a href="#[d4]">&gt;&gt;</a>&nbsp;&nbsp;&nbsp;__2printf
</UL>
<BR>[Address Reference Count : 1]<UL><LI> freertos.o(i.MX_FREERTOS_Init)
</UL>
<P><STRONG><a name="[c9]"></a>TimeDispatch</STRONG> (Thumb, 150 bytes, Stack size 24 bytes, timer.o(i.TimeDispatch))
<BR><BR>[Stack]<UL><LI>Max Depth = 24<LI>Call Chain = TimeDispatch
</UL>
<BR>[Calls]<UL><LI><a href="#[c4]">&gt;&gt;</a>&nbsp;&nbsp;&nbsp;setTimer
<LI><a href="#[c3]">&gt;&gt;</a>&nbsp;&nbsp;&nbsp;getElapsedTime
</UL>
<BR>[Called By]<UL><LI><a href="#[a8]">&gt;&gt;</a>&nbsp;&nbsp;&nbsp;TIMx_DispatchFromISR
</UL>

<P><STRONG><a name="[2d]"></a>USB_LP_CAN1_RX0_IRQHandler</STRONG> (Thumb, 6 bytes, Stack size 0 bytes, stm32f1xx_it.o(i.USB_LP_CAN1_RX0_IRQHandler))
<BR><BR>[Stack]<UL><LI>Max Depth = 120<LI>Call Chain = USB_LP_CAN1_RX0_IRQHandler &rArr; HAL_CAN_IRQHandler &rArr; HAL_CAN_RxFifo0MsgPendingCallback &rArr; xQueueGenericSendFromISR &rArr; prvCopyDataToQueue &rArr; xTaskPriorityDisinherit
</UL>
<BR>[Calls]<UL><LI><a href="#[70]">&gt;&gt;</a>&nbsp;&nbsp;&nbsp;HAL_CAN_IRQHandler
</UL>
<BR>[Address Reference Count : 1]<UL><LI> startup_stm32f103xb.o(RESET)
</UL>
<P><STRONG><a name="[14]"></a>UsageFault_Handler</STRONG> (Thumb, 2 bytes, Stack size 0 bytes, stm32f1xx_it.o(i.UsageFault_Handler))
<BR><BR>[Calls]<UL><LI><a href="#[14]">&gt;&gt;</a>&nbsp;&nbsp;&nbsp;UsageFault_Handler
</UL>
<BR>[Called By]<UL><LI><a href="#[14]">&gt;&gt;</a>&nbsp;&nbsp;&nbsp;UsageFault_Handler
</UL>
<BR>[Address Reference Count : 1]<UL><LI> startup_stm32f103xb.o(RESET)
</UL>
<P><STRONG><a name="[0]"></a>_RxPDO_EventTimers_Handler</STRONG> (Thumb, 2 bytes, Stack size 0 bytes, pdo.o(i._RxPDO_EventTimers_Handler))
<BR>[Address Reference Count : 1]<UL><LI> masternode_sensor.o(.data)
</UL>
<P><STRONG><a name="[d5]"></a>__0printf</STRONG> (Thumb, 22 bytes, Stack size 24 bytes, printfa.o(i.__0printf), UNUSED)
<BR><BR>[Calls]<UL><LI><a href="#[d6]">&gt;&gt;</a>&nbsp;&nbsp;&nbsp;_printf_core
</UL>

<P><STRONG><a name="[155]"></a>__1printf</STRONG> (Thumb, 0 bytes, Stack size 24 bytes, printfa.o(i.__0printf), UNUSED)

<P><STRONG><a name="[d4]"></a>__2printf</STRONG> (Thumb, 0 bytes, Stack size 24 bytes, printfa.o(i.__0printf))
<BR><BR>[Stack]<UL><LI>Max Depth = 24<LI>Call Chain = __2printf
</UL>
<BR>[Called By]<UL><LI><a href="#[4a]">&gt;&gt;</a>&nbsp;&nbsp;&nbsp;Task_DpUART
</UL>

<P><STRONG><a name="[156]"></a>__c89printf</STRONG> (Thumb, 0 bytes, Stack size 24 bytes, printfa.o(i.__0printf), UNUSED)

<P><STRONG><a name="[157]"></a>printf</STRONG> (Thumb, 0 bytes, Stack size 24 bytes, printfa.o(i.__0printf), UNUSED)

<P><STRONG><a name="[158]"></a>__scatterload_copy</STRONG> (Thumb, 14 bytes, Stack size unknown bytes, handlers.o(i.__scatterload_copy), UNUSED)

<P><STRONG><a name="[159]"></a>__scatterload_null</STRONG> (Thumb, 2 bytes, Stack size unknown bytes, handlers.o(i.__scatterload_null), UNUSED)

<P><STRONG><a name="[15a]"></a>__scatterload_zeroinit</STRONG> (Thumb, 14 bytes, Stack size unknown bytes, handlers.o(i.__scatterload_zeroinit), UNUSED)

<P><STRONG><a name="[d9]"></a>_getODentry</STRONG> (Thumb, 208 bytes, Stack size 40 bytes, objacces.o(i._getODentry))
<BR><BR>[Stack]<UL><LI>Max Depth = 40<LI>Call Chain = _getODentry
</UL>
<BR>[Calls]<UL><LI><a href="#[da]">&gt;&gt;</a>&nbsp;&nbsp;&nbsp;accessDictionaryError
<LI><a href="#[db]">&gt;&gt;</a>&nbsp;&nbsp;&nbsp;__aeabi_memcpy
</UL>
<BR>[Called By]<UL><LI><a href="#[f4]">&gt;&gt;</a>&nbsp;&nbsp;&nbsp;objdictToSDOline
<LI><a href="#[df]">&gt;&gt;</a>&nbsp;&nbsp;&nbsp;buildPDO
</UL>

<P><STRONG><a name="[6]"></a>_heartbeatError</STRONG> (Thumb, 2 bytes, Stack size 0 bytes, lifegrd.o(i._heartbeatError))
<BR>[Address Reference Count : 1]<UL><LI> masternode_sensor.o(.data)
</UL>
<P><STRONG><a name="[2]"></a>_initialisation</STRONG> (Thumb, 2 bytes, Stack size 0 bytes, states.o(i._initialisation))
<BR>[Address Reference Count : 1]<UL><LI> masternode_sensor.o(.data)
</UL>
[...]
<BR><BR>[Stack]<UL><LI>Max Depth = 120<LI>Call Chain = xTimerCreateTimerTask &rArr; prvCheckForValidListAndQueue &rArr; xQueueGenericCreateStatic &rArr; prvInitialiseNewQueue &rArr; xQueueGenericReset &rArr; xTaskRemoveFromEventList
</UL>
<BR>[Calls]<UL><LI><a href="#[140]">&gt;&gt;</a>&nbsp;&nbsp;&nbsp;vApplicationGetTimerTaskMemory
<LI><a href="#[10b]">&gt;&gt;</a>&nbsp;&nbsp;&nbsp;prvCheckForValidListAndQueue
<LI><a href="#[fa]">&gt;&gt;</a>&nbsp;&nbsp;&nbsp;xTaskCreateStatic
</UL>
<BR>[Called By]<UL><LI><a href="#[f6]">&gt;&gt;</a>&nbsp;&nbsp;&nbsp;vTaskStartScheduler
</UL>

<P><STRONG><a name="[11c]"></a>xTimerGenericCommand</STRONG> (Thumb, 104 bytes, Stack size 40 bytes, timers.o(i.xTimerGenericCommand))
<BR><BR>[Stack]<UL><LI>Max Depth = 144<LI>Call Chain = xTimerGenericCommand &rArr; xQueueGenericSend &rArr; xTaskResumeAll &rArr; xTaskIncrementTick
</UL>
<BR>[Calls]<UL><LI><a href="#[87]">&gt;&gt;</a>&nbsp;&nbsp;&nbsp;xQueueGenericSendFromISR
<LI><a href="#[e8]">&gt;&gt;</a>&nbsp;&nbsp;&nbsp;xQueueGenericSend
<LI><a href="#[13c]">&gt;&gt;</a>&nbsp;&nbsp;&nbsp;xTaskGetSchedulerState
</UL>
<BR>[Called By]<UL><LI><a href="#[124]">&gt;&gt;</a>&nbsp;&nbsp;&nbsp;prvSwitchTimerLists
<LI><a href="#[11d]">&gt;&gt;</a>&nbsp;&nbsp;&nbsp;prvProcessReceivedCommands
<LI><a href="#[11b]">&gt;&gt;</a>&nbsp;&nbsp;&nbsp;prvProcessExpiredTimer
</UL>
<P>
<H3>
Local Symbols
</H3>
<P><STRONG><a name="[97]"></a>RCC_Delay</STRONG> (Thumb, 30 bytes, Stack size 8 bytes, stm32f1xx_hal_rcc.o(i.RCC_Delay))
<BR><BR>[Stack]<UL><LI>Max Depth = 8<LI>Call Chain = RCC_Delay
</UL>
<BR>[Called By]<UL><LI><a href="#[96]">&gt;&gt;</a>&nbsp;&nbsp;&nbsp;HAL_RCC_OscConfig
</UL>

<P><STRONG><a name="[91]"></a>__NVIC_SetPriority</STRONG> (Thumb, 32 bytes, Stack size 0 bytes, stm32f1xx_hal_cortex.o(i.__NVIC_SetPriority))
<BR><BR>[Called By]<UL><LI><a href="#[82]">&gt;&gt;</a>&nbsp;&nbsp;&nbsp;HAL_NVIC_SetPriority
</UL>

<P><STRONG><a name="[9d]"></a>TIM_ITRx_SetConfig</STRONG> (Thumb, 16 bytes, Stack size 0 bytes, stm32f1xx_hal_tim.o(i.TIM_ITRx_SetConfig))
<BR><BR>[Called By]<UL><LI><a href="#[9a]">&gt;&gt;</a>&nbsp;&nbsp;&nbsp;HAL_TIM_ConfigClockSource
</UL>

<P><STRONG><a name="[9c]"></a>TIM_TI1_ConfigInputStage</STRONG> (Thumb, 34 bytes, Stack size 8 bytes, stm32f1xx_hal_tim.o(i.TIM_TI1_ConfigInputStage))
<BR><BR>[Stack]<UL><LI>Max Depth = 8<LI>Call Chain = TIM_TI1_ConfigInputStage
</UL>
<BR>[Called By]<UL><LI><a href="#[9a]">&gt;&gt;</a>&nbsp;&nbsp;&nbsp;HAL_TIM_ConfigClockSource
</UL>

<P><STRONG><a name="[9e]"></a>TIM_TI2_ConfigInputStage</STRONG> (Thumb, 36 bytes, Stack size 8 bytes, stm32f1xx_hal_tim.o(i.TIM_TI2_ConfigInputStage))
<BR><BR>[Stack]<UL><LI>Max Depth = 8<LI>Call Chain = TIM_TI2_ConfigInputStage
</UL>
<BR>[Called By]<UL><LI><a href="#[9a]">&gt;&gt;</a>&nbsp;&nbsp;&nbsp;HAL_TIM_ConfigClockSource
</UL>

<P><STRONG><a name="[ab]"></a>UART_SetConfig</STRONG> (Thumb, 178 bytes, Stack size 16 bytes, stm32f1xx_hal_uart.o(i.UART_SetConfig))
<BR><BR>[Stack]<UL><LI>Max Depth = 20<LI>Call Chain = UART_SetConfig &rArr; HAL_RCC_GetPCLK2Freq
</UL>
<BR>[Calls]<UL><LI><a href="#[8e]">&gt;&gt;</a>&nbsp;&nbsp;&nbsp;HAL_RCC_GetPCLK2Freq
<LI><a href="#[94]">&gt;&gt;</a>&nbsp;&nbsp;&nbsp;HAL_RCC_GetPCLK1Freq
</UL>
<BR>[Called By]<UL><LI><a href="#[a9]">&gt;&gt;</a>&nbsp;&nbsp;&nbsp;HAL_UART_Init
</UL>

<P><STRONG><a name="[10f]"></a>prvCopyDataFromQueue</STRONG> (Thumb, 40 bytes, Stack size 8 bytes, queue.o(i.prvCopyDataFromQueue))
<BR><BR>[Stack]<UL><LI>Max Depth = 8<LI>Call Chain = prvCopyDataFromQueue
</UL>
<BR>[Calls]<UL><LI><a href="#[db]">&gt;&gt;</a>&nbsp;&nbsp;&nbsp;__aeabi_memcpy
</UL>
<BR>[Called By]<UL><LI><a href="#[cf]">&gt;&gt;</a>&nbsp;&nbsp;&nbsp;xQueueReceive
</UL>

<P><STRONG><a name="[110]"></a>prvCopyDataToQueue</STRONG> (Thumb, 110 bytes, Stack size 24 bytes, queue.o(i.prvCopyDataToQueue))
<BR><BR>[Stack]<UL><LI>Max Depth = 40<LI>Call Chain = prvCopyDataToQueue &rArr; xTaskPriorityDisinherit
</UL>
<BR>[Calls]<UL><LI><a href="#[111]">&gt;&gt;</a>&nbsp;&nbsp;&nbsp;xTaskPriorityDisinherit
<LI><a href="#[db]">&gt;&gt;</a>&nbsp;&nbsp;&nbsp;__aeabi_memcpy
</UL>
<BR>[Called By]<UL><LI><a href="#[87]">&gt;&gt;</a>&nbsp;&nbsp;&nbsp;xQueueGenericSendFromISR
<LI><a href="#[e8]">&gt;&gt;</a>&nbsp;&nbsp;&nbsp;xQueueGenericSend
</UL>

<P><STRONG><a name="[113]"></a>prvInitialiseNewQueue</STRONG> (Thumb, 34 bytes, Stack size 16 bytes, queue.o(i.prvInitialiseNewQueue))
<BR><BR>[Stack]<UL><LI>Max Depth = 48<LI>Call Chain = prvInitialiseNewQueue &rArr; xQueueGenericReset &rArr; xTaskRemoveFromEventList
</UL>
<BR>[Calls]<UL><LI><a href="#[114]">&gt;&gt;</a>&nbsp;&nbsp;&nbsp;xQueueGenericReset
</UL>
<BR>[Called By]<UL><LI><a href="#[f7]">&gt;&gt;</a>&nbsp;&nbsp;&nbsp;xQueueGenericCreateStatic
<LI><a href="#[f8]">&gt;&gt;</a>&nbsp;&nbsp;&nbsp;xQueueGenericCreate
</UL>

<P><STRONG><a name="[119]"></a>prvIsQueueEmpty</STRONG> (Thumb, 26 bytes, Stack size 8 bytes, queue.o(i.prvIsQueueEmpty))
<BR><BR>[Stack]<UL><LI>Max Depth = 8<LI>Call Chain = prvIsQueueEmpty
</UL>
<BR>[Calls]<UL><LI><a href="#[10a]">&gt;&gt;</a>&nbsp;&nbsp;&nbsp;vPortExitCritical
<LI><a href="#[108]">&gt;&gt;</a>&nbsp;&nbsp;&nbsp;vPortEnterCritical
</UL>
<BR>[Called By]<UL><LI><a href="#[cf]">&gt;&gt;</a>&nbsp;&nbsp;&nbsp;xQueueReceive
</UL>

<P><STRONG><a name="[11a]"></a>prvIsQueueFull</STRONG> (Thumb, 30 bytes, Stack size 8 bytes, queue.o(i.prvIsQueueFull))
<BR><BR>[Stack]<UL><LI>Max Depth = 8<LI>Call Chain = prvIsQueueFull
</UL>
<BR>[Calls]<UL><LI><a href="#[10a]">&gt;&gt;</a>&nbsp;&nbsp;&nbsp;vPortExitCritical
<LI><a href="#[108]">&gt;&gt;</a>&nbsp;&nbsp;&nbsp;vPortEnterCritical
</UL>
<BR>[Called By]<UL><LI><a href="#[e8]">&gt;&gt;</a>&nbsp;&nbsp;&nbsp;xQueueGenericSend
</UL>

<P><STRONG><a name="[126]"></a>prvUnlockQueue</STRONG> (Thumb, 106 bytes, Stack size 24 bytes, queue.o(i.prvUnlockQueue))
<BR><BR>[Stack]<UL><LI>Max Depth = 40<LI>Call Chain = prvUnlockQueue &rArr; xTaskRemoveFromEventList
</UL>
<BR>[Calls]<UL><LI><a href="#[127]">&gt;&gt;</a>&nbsp;&nbsp;&nbsp;xTaskRemoveFromEventList
<LI><a href="#[128]">&gt;&gt;</a>&nbsp;&nbsp;&nbsp;vTaskMissedYield
<LI><a href="#[10a]">&gt;&gt;</a>&nbsp;&nbsp;&nbsp;vPortExitCritical
<LI><a href="#[108]">&gt;&gt;</a>&nbsp;&nbsp;&nbsp;vPortEnterCritical
</UL>
<BR>[Called By]<UL><LI><a href="#[cf]">&gt;&gt;</a>&nbsp;&nbsp;&nbsp;xQueueReceive
<LI><a href="#[e8]">&gt;&gt;</a>&nbsp;&nbsp;&nbsp;xQueueGenericSend
<LI><a href="#[122]">&gt;&gt;</a>&nbsp;&nbsp;&nbsp;vQueueWaitForMessageRestricted
</UL>

<P><STRONG><a name="[103]"></a>prvAddCurrentTaskToDelayedList</STRONG> (Thumb, 86 bytes, Stack size 24 bytes, tasks.o(i.prvAddCurrentTaskToDelayedList))
<BR><BR>[Stack]<UL><LI>Max Depth = 36<LI>Call Chain = prvAddCurrentTaskToDelayedList &rArr; vListInsert
</UL>
<BR>[Calls]<UL><LI><a href="#[105]">&gt;&gt;</a>&nbsp;&nbsp;&nbsp;vListInsertEnd
<LI><a href="#[106]">&gt;&gt;</a>&nbsp;&nbsp;&nbsp;vListInsert
<LI><a href="#[104]">&gt;&gt;</a>&nbsp;&nbsp;&nbsp;uxListRemove
</UL>
<BR>[Called By]<UL><LI><a href="#[135]">&gt;&gt;</a>&nbsp;&nbsp;&nbsp;vTaskPlaceOnEventListRestricted
<LI><a href="#[136]">&gt;&gt;</a>&nbsp;&nbsp;&nbsp;vTaskPlaceOnEventList
<LI><a href="#[f5]">&gt;&gt;</a>&nbsp;&nbsp;&nbsp;vTaskDelay
</UL>

<P><STRONG><a name="[107]"></a>prvAddNewTaskToReadyList</STRONG> (Thumb, 124 bytes, Stack size 16 bytes, tasks.o(i.prvAddNewTaskToReadyList))
<BR><BR>[Stack]<UL><LI>Max Depth = 32<LI>Call Chain = prvAddNewTaskToReadyList &rArr; prvInitialiseTaskLists
</UL>
<BR>[Calls]<UL><LI><a href="#[105]">&gt;&gt;</a>&nbsp;&nbsp;&nbsp;vListInsertEnd
<LI><a href="#[10a]">&gt;&gt;</a>&nbsp;&nbsp;&nbsp;vPortExitCritical
<LI><a href="#[108]">&gt;&gt;</a>&nbsp;&nbsp;&nbsp;vPortEnterCritical
<LI><a href="#[109]">&gt;&gt;</a>&nbsp;&nbsp;&nbsp;prvInitialiseTaskLists
</UL>
<BR>[Called By]<UL><LI><a href="#[fa]">&gt;&gt;</a>&nbsp;&nbsp;&nbsp;xTaskCreateStatic
<LI><a href="#[fb]">&gt;&gt;</a>&nbsp;&nbsp;&nbsp;xTaskCreate
</UL>

<P><STRONG><a name="[10d]"></a>prvCheckTasksWaitingTermination</STRONG> (Thumb, 52 bytes, Stack size 16 bytes, tasks.o(i.prvCheckTasksWaitingTermination))
<BR><BR>[Stack]<UL><LI>Max Depth = 88<LI>Call Chain = prvCheckTasksWaitingTermination &rArr; prvDeleteTCB &rArr; vPortFree &rArr; xTaskResumeAll &rArr; xTaskIncrementTick
</UL>
<BR>[Calls]<UL><LI><a href="#[104]">&gt;&gt;</a>&nbsp;&nbsp;&nbsp;uxListRemove
<LI><a href="#[10a]">&gt;&gt;</a>&nbsp;&nbsp;&nbsp;vPortExitCritical
<LI><a href="#[108]">&gt;&gt;</a>&nbsp;&nbsp;&nbsp;vPortEnterCritical
<LI><a href="#[10e]">&gt;&gt;</a>&nbsp;&nbsp;&nbsp;prvDeleteTCB
</UL>
<BR>[Called By]<UL><LI><a href="#[59]">&gt;&gt;</a>&nbsp;&nbsp;&nbsp;prvIdleTask
</UL>

<P><STRONG><a name="[10e]"></a>prvDeleteTCB</STRONG> (Thumb, 64 bytes, Stack size 8 bytes, tasks.o(i.prvDeleteTCB))
<BR><BR>[Stack]<UL><LI>Max Depth = 72<LI>Call Chain = prvDeleteTCB &rArr; vPortFree &rArr; xTaskResumeAll &rArr; xTaskIncrementTick
</UL>
<BR>[Calls]<UL><LI><a href="#[112]">&gt;&gt;</a>&nbsp;&nbsp;&nbsp;vPortFree
</UL>
<BR>[Called By]<UL><LI><a href="#[10d]">&gt;&gt;</a>&nbsp;&nbsp;&nbsp;prvCheckTasksWaitingTermination
</UL>

<P><STRONG><a name="[59]"></a>prvIdleTask</STRONG> (Thumb, 30 bytes, Stack size 0 bytes, tasks.o(i.prvIdleTask))
<BR><BR>[Stack]<UL><LI>Max Depth = 88<LI>Call Chain = prvIdleTask &rArr; prvCheckTasksWaitingTermination &rArr; prvDeleteTCB &rArr; vPortFree &rArr; xTaskResumeAll &rArr; xTaskIncrementTick
</UL>
<BR>[Calls]<UL><LI><a href="#[10d]">&gt;&gt;</a>&nbsp;&nbsp;&nbsp;prvCheckTasksWaitingTermination
</UL>
<BR>[Address Reference Count : 1]<UL><LI> tasks.o(i.vTaskStartScheduler)
</UL>
<P><STRONG><a name="[115]"></a>prvInitialiseNewTask</STRONG> (Thumb, 154 bytes, Stack size 32 bytes, tasks.o(i.prvInitialiseNewTask))
<BR><BR>[Stack]<UL><LI>Max Depth = 32<LI>Call Chain = prvInitialiseNewTask
</UL>
<BR>[Calls]<UL><LI><a href="#[116]">&gt;&gt;</a>&nbsp;&nbsp;&nbsp;vListInitialiseItem
<LI><a href="#[117]">&gt;&gt;</a>&nbsp;&nbsp;&nbsp;pxPortInitialiseStack
<LI><a href="#[5f]">&gt;&gt;</a>&nbsp;&nbsp;&nbsp;__aeabi_memset
</UL>
<BR>[Called By]<UL><LI><a href="#[fa]">&gt;&gt;</a>&nbsp;&nbsp;&nbsp;xTaskCreateStatic
<LI><a href="#[fb]">&gt;&gt;</a>&nbsp;&nbsp;&nbsp;xTaskCreate
</UL>

<P><STRONG><a name="[109]"></a>prvInitialiseTaskLists</STRONG> (Thumb, 74 bytes, Stack size 16 bytes, tasks.o(i.prvInitialiseTaskLists))
<BR><BR>[Stack]<UL><LI>Max Depth = 16<LI>Call Chain = prvInitialiseTaskLists
</UL>
<BR>[Calls]<UL><LI><a href="#[10c]">&gt;&gt;</a>&nbsp;&nbsp;&nbsp;vListInitialise
</UL>
<BR>[Called By]<UL><LI><a href="#[107]">&gt;&gt;</a>&nbsp;&nbsp;&nbsp;prvAddNewTaskToReadyList
</UL>

<P><STRONG><a name="[13f]"></a>prvResetNextTaskUnblockTime</STRONG> (Thumb, 30 bytes, Stack size 0 bytes, tasks.o(i.prvResetNextTaskUnblockTime))
<BR><BR>[Called By]<UL><LI><a href="#[121]">&gt;&gt;</a>&nbsp;&nbsp;&nbsp;xTaskResumeAll
<LI><a href="#[c6]">&gt;&gt;</a>&nbsp;&nbsp;&nbsp;xTaskIncrementTick
</UL>

<P><STRONG><a name="[10b]"></a>prvCheckForValidListAndQueue</STRONG> (Thumb, 72 bytes, Stack size 16 bytes, timers.o(i.prvCheckForValidListAndQueue))
<BR><BR>[Stack]<UL><LI>Max Depth = 80<LI>Call Chain = prvCheckForValidListAndQueue &rArr; xQueueGenericCreateStatic &rArr; prvInitialiseNewQueue &rArr; xQueueGenericReset &rArr; xTaskRemoveFromEventList
</UL>
<BR>[Calls]<UL><LI><a href="#[f7]">&gt;&gt;</a>&nbsp;&nbsp;&nbsp;xQueueGenericCreateStatic
<LI><a href="#[f9]">&gt;&gt;</a>&nbsp;&nbsp;&nbsp;vQueueAddToRegistry
<LI><a href="#[10a]">&gt;&gt;</a>&nbsp;&nbsp;&nbsp;vPortExitCritical
<LI><a href="#[108]">&gt;&gt;</a>&nbsp;&nbsp;&nbsp;vPortEnterCritical
<LI><a href="#[10c]">&gt;&gt;</a>&nbsp;&nbsp;&nbsp;vListInitialise
</UL>
<BR>[Called By]<UL><LI><a href="#[138]">&gt;&gt;</a>&nbsp;&nbsp;&nbsp;xTimerCreateTimerTask
</UL>

<P><STRONG><a name="[125]"></a>prvGetNextExpireTime</STRONG> (Thumb, 30 bytes, Stack size 0 bytes, timers.o(i.prvGetNextExpireTime))
<BR><BR>[Called By]<UL><LI><a href="#[5a]">&gt;&gt;</a>&nbsp;&nbsp;&nbsp;prvTimerTask
</UL>

<P><STRONG><a name="[118]"></a>prvInsertTimerInActiveList</STRONG> (Thumb, 60 bytes, Stack size 16 bytes, timers.o(i.prvInsertTimerInActiveList))
<BR><BR>[Stack]<UL><LI>Max Depth = 28<LI>Call Chain = prvInsertTimerInActiveList &rArr; vListInsert
</UL>
<BR>[Calls]<UL><LI><a href="#[106]">&gt;&gt;</a>&nbsp;&nbsp;&nbsp;vListInsert
</UL>
<BR>[Called By]<UL><LI><a href="#[11d]">&gt;&gt;</a>&nbsp;&nbsp;&nbsp;prvProcessReceivedCommands
<LI><a href="#[11b]">&gt;&gt;</a>&nbsp;&nbsp;&nbsp;prvProcessExpiredTimer
</UL>

<P><STRONG><a name="[11b]"></a>prvProcessExpiredTimer</STRONG> (Thumb, 88 bytes, Stack size 24 bytes, timers.o(i.prvProcessExpiredTimer))
<BR><BR>[Stack]<UL><LI>Max Depth = 168<LI>Call Chain = prvProcessExpiredTimer &rArr; xTimerGenericCommand &rArr; xQueueGenericSend &rArr; xTaskResumeAll &rArr; xTaskIncrementTick
</UL>
<BR>[Calls]<UL><LI><a href="#[104]">&gt;&gt;</a>&nbsp;&nbsp;&nbsp;uxListRemove
<LI><a href="#[11c]">&gt;&gt;</a>&nbsp;&nbsp;&nbsp;xTimerGenericCommand
<LI><a href="#[118]">&gt;&gt;</a>&nbsp;&nbsp;&nbsp;prvInsertTimerInActiveList
</UL>
<BR>[Called By]<UL><LI><a href="#[11f]">&gt;&gt;</a>&nbsp;&nbsp;&nbsp;prvProcessTimerOrBlockTask
</UL>

<P><STRONG><a name="[11d]"></a>prvProcessReceivedCommands</STRONG> (Thumb, 198 bytes, Stack size 40 bytes, timers.o(i.prvProcessReceivedCommands))
<BR><BR>[Stack]<UL><LI>Max Depth = 224<LI>Call Chain = prvProcessReceivedCommands &rArr; prvSampleTimeNow &rArr; prvSwitchTimerLists &rArr; xTimerGenericCommand &rArr; xQueueGenericSend &rArr; xTaskResumeAll &rArr; xTaskIncrementTick
</UL>
<BR>[Calls]<UL><LI><a href="#[cf]">&gt;&gt;</a>&nbsp;&nbsp;&nbsp;xQueueReceive
<LI><a href="#[104]">&gt;&gt;</a>&nbsp;&nbsp;&nbsp;uxListRemove
<LI><a href="#[112]">&gt;&gt;</a>&nbsp;&nbsp;&nbsp;vPortFree
<LI><a href="#[11c]">&gt;&gt;</a>&nbsp;&nbsp;&nbsp;xTimerGenericCommand
<LI><a href="#[11e]">&gt;&gt;</a>&nbsp;&nbsp;&nbsp;prvSampleTimeNow
<LI><a href="#[118]">&gt;&gt;</a>&nbsp;&nbsp;&nbsp;prvInsertTimerInActiveList
</UL>
<BR>[Called By]<UL><LI><a href="#[5a]">&gt;&gt;</a>&nbsp;&nbsp;&nbsp;prvTimerTask
</UL>

<P><STRONG><a name="[11f]"></a>prvProcessTimerOrBlockTask</STRONG> (Thumb, 100 bytes, Stack size 24 bytes, timers.o(i.prvProcessTimerOrBlockTask))
<BR><BR>[Stack]<UL><LI>Max Depth = 208<LI>Call Chain = prvProcessTimerOrBlockTask &rArr; prvSampleTimeNow &rArr; prvSwitchTimerLists &rArr; xTimerGenericCommand &rArr; xQueueGenericSend &rArr; xTaskResumeAll &rArr; xTaskIncrementTick
</UL>
<BR>[Calls]<UL><LI><a href="#[122]">&gt;&gt;</a>&nbsp;&nbsp;&nbsp;vQueueWaitForMessageRestricted
<LI><a href="#[121]">&gt;&gt;</a>&nbsp;&nbsp;&nbsp;xTaskResumeAll
<LI><a href="#[120]">&gt;&gt;</a>&nbsp;&nbsp;&nbsp;vTaskSuspendAll
<LI><a href="#[11e]">&gt;&gt;</a>&nbsp;&nbsp;&nbsp;prvSampleTimeNow
<LI><a href="#[11b]">&gt;&gt;</a>&nbsp;&nbsp;&nbsp;prvProcessExpiredTimer
</UL>
<BR>[Called By]<UL><LI><a href="#[5a]">&gt;&gt;</a>&nbsp;&nbsp;&nbsp;prvTimerTask
</UL>

<P><STRONG><a name="[11e]"></a>prvSampleTimeNow</STRONG> (Thumb, 38 bytes, Stack size 16 bytes, timers.o(i.prvSampleTimeNow))
<BR><BR>[Stack]<UL><LI>Max Depth = 184<LI>Call Chain = prvSampleTimeNow &rArr; prvSwitchTimerLists &rArr; xTimerGenericCommand &rArr; xQueueGenericSend &rArr; xTaskResumeAll &rArr; xTaskIncrementTick
</UL>
<BR>[Calls]<UL><LI><a href="#[124]">&gt;&gt;</a>&nbsp;&nbsp;&nbsp;prvSwitchTimerLists
<LI><a href="#[123]">&gt;&gt;</a>&nbsp;&nbsp;&nbsp;xTaskGetTickCount
</UL>
<BR>[Called By]<UL><LI><a href="#[11f]">&gt;&gt;</a>&nbsp;&nbsp;&nbsp;prvProcessTimerOrBlockTask
<LI><a href="#[11d]">&gt;&gt;</a>&nbsp;&nbsp;&nbsp;prvProcessReceivedCommands
</UL>

<P><STRONG><a name="[124]"></a>prvSwitchTimerLists</STRONG> (Thumb, 104 bytes, Stack size 24 bytes, timers.o(i.prvSwitchTimerLists))
<BR><BR>[Stack]<UL><LI>Max Depth = 168<LI>Call Chain = prvSwitchTimerLists &rArr; xTimerGenericCommand &rArr; xQueueGenericSend &rArr; xTaskResumeAll &rArr; xTaskIncrementTick
</UL>
<BR>[Calls]<UL><LI><a href="#[106]">&gt;&gt;</a>&nbsp;&nbsp;&nbsp;vListInsert
<LI><a href="#[104]">&gt;&gt;</a>&nbsp;&nbsp;&nbsp;uxListRemove
<LI><a href="#[11c]">&gt;&gt;</a>&nbsp;&nbsp;&nbsp;xTimerGenericCommand
</UL>
<BR>[Called By]<UL><LI><a href="#[11e]">&gt;&gt;</a>&nbsp;&nbsp;&nbsp;prvSampleTimeNow
</UL>

<P><STRONG><a name="[5a]"></a>prvTimerTask</STRONG> (Thumb, 20 bytes, Stack size 8 bytes, timers.o(i.prvTimerTask))
<BR><BR>[Stack]<UL><LI>Max Depth = 232<LI>Call Chain = prvTimerTask &rArr; prvProcessReceivedCommands &rArr; prvSampleTimeNow &rArr; prvSwitchTimerLists &rArr; xTimerGenericCommand &rArr; xQueueGenericSend &rArr; xTaskResumeAll &rArr; xTaskIncrementTick
</UL>
<BR>[Calls]<UL><LI><a href="#[11f]">&gt;&gt;</a>&nbsp;&nbsp;&nbsp;prvProcessTimerOrBlockTask
<LI><a href="#[11d]">&gt;&gt;</a>&nbsp;&nbsp;&nbsp;prvProcessReceivedCommands
<LI><a href="#[125]">&gt;&gt;</a>&nbsp;&nbsp;&nbsp;prvGetNextExpireTime
</UL>
<BR>[Address Reference Count : 1]<UL><LI> timers.o(i.xTimerCreateTimerTask)
</UL>
<P><STRONG><a name="[12a]"></a>prvHeapInit</STRONG> (Thumb, 68 bytes, Stack size 0 bytes, heap_4.o(i.prvHeapInit))
<BR><BR>[Called By]<UL><LI><a href="#[129]">&gt;&gt;</a>&nbsp;&nbsp;&nbsp;pvPortMalloc
</UL>

<P><STRONG><a name="[12b]"></a>prvInsertBlockIntoFreeList</STRONG> (Thumb, 78 bytes, Stack size 12 bytes, heap_4.o(i.prvInsertBlockIntoFreeList))
<BR><BR>[Stack]<UL><LI>Max Depth = 12<LI>Call Chain = prvInsertBlockIntoFreeList
</UL>
<BR>[Called By]<UL><LI><a href="#[112]">&gt;&gt;</a>&nbsp;&nbsp;&nbsp;vPortFree
<LI><a href="#[129]">&gt;&gt;</a>&nbsp;&nbsp;&nbsp;pvPortMalloc
</UL>

<P><STRONG><a name="[54]"></a>prvTaskExitError</STRONG> (Thumb, 40 bytes, Stack size 0 bytes, port.o(i.prvTaskExitError))
<BR>[Address Reference Count : 1]<UL><LI> port.o(i.pxPortInitialiseStack)
</UL>
<P><STRONG><a name="[e0]"></a>sendPdo</STRONG> (Thumb, 42 bytes, Stack size 8 bytes, pdo.o(i.sendPdo))
<BR><BR>[Stack]<UL><LI>Max Depth = 120<LI>Call Chain = sendPdo &rArr; canSend &rArr; xQueueGenericSend &rArr; xTaskResumeAll &rArr; xTaskIncrementTick
</UL>
<BR>[Calls]<UL><LI><a href="#[be]">&gt;&gt;</a>&nbsp;&nbsp;&nbsp;canSend
</UL>
<BR>[Called By]<UL><LI><a href="#[ba]">&gt;&gt;</a>&nbsp;&nbsp;&nbsp;sendOnePDOevent
<LI><a href="#[bc]">&gt;&gt;</a>&nbsp;&nbsp;&nbsp;_sendPDOevent
</UL>

<P><STRONG><a name="[d7]"></a>_fp_digits</STRONG> (Thumb, 366 bytes, Stack size 64 bytes, printfa.o(i._fp_digits), UNUSED)
<BR><BR>[Calls]<UL><LI><a href="#[61]">&gt;&gt;</a>&nbsp;&nbsp;&nbsp;__aeabi_uldivmod
<LI><a href="#[6a]">&gt;&gt;</a>&nbsp;&nbsp;&nbsp;__aeabi_dmul
<LI><a href="#[6b]">&gt;&gt;</a>&nbsp;&nbsp;&nbsp;__aeabi_ddiv
<LI><a href="#[64]">&gt;&gt;</a>&nbsp;&nbsp;&nbsp;__aeabi_dadd
<LI><a href="#[6c]">&gt;&gt;</a>&nbsp;&nbsp;&nbsp;__aeabi_d2ulz
<LI><a href="#[d8]">&gt;&gt;</a>&nbsp;&nbsp;&nbsp;__aeabi_cdrcmple
</UL>
<BR>[Called By]<UL><LI><a href="#[d6]">&gt;&gt;</a>&nbsp;&nbsp;&nbsp;_printf_core
</UL>

<P><STRONG><a name="[d6]"></a>_printf_core</STRONG> (Thumb, 1704 bytes, Stack size 136 bytes, printfa.o(i._printf_core), UNUSED)
<BR><BR>[Calls]<UL><LI><a href="#[61]">&gt;&gt;</a>&nbsp;&nbsp;&nbsp;__aeabi_uldivmod
<LI><a href="#[de]">&gt;&gt;</a>&nbsp;&nbsp;&nbsp;__aeabi_uidivmod
<LI><a href="#[dc]">&gt;&gt;</a>&nbsp;&nbsp;&nbsp;_printf_pre_padding
<LI><a href="#[dd]">&gt;&gt;</a>&nbsp;&nbsp;&nbsp;_printf_post_padding
<LI><a href="#[d7]">&gt;&gt;</a>&nbsp;&nbsp;&nbsp;_fp_digits
</UL>
<BR>[Called By]<UL><LI><a href="#[d5]">&gt;&gt;</a>&nbsp;&nbsp;&nbsp;__0printf
</UL>

<P><STRONG><a name="[dd]"></a>_printf_post_padding</STRONG> (Thumb, 36 bytes, Stack size 24 bytes, printfa.o(i._printf_post_padding), UNUSED)
<BR><BR>[Called By]<UL><LI><a href="#[d6]">&gt;&gt;</a>&nbsp;&nbsp;&nbsp;_printf_core
</UL>

<P><STRONG><a name="[dc]"></a>_printf_pre_padding</STRONG> (Thumb, 46 bytes, Stack size 24 bytes, printfa.o(i._printf_pre_padding), UNUSED)
<BR><BR>[Called By]<UL><LI><a href="#[d6]">&gt;&gt;</a>&nbsp;&nbsp;&nbsp;_printf_core
</UL>
<P>
<H3>
Undefined Global Symbols
</H3><HR></body></html>
